core_cm0plus.h:733:22:__NVIC_EnableIRQ	16	static
GPS.c:5:6:reverse	32	static
GPS.c:20:5:intToStr	32	static
GPS.c:65:6:convert_float_to_char	56	static
GPS.c:107:6:delay_ms	24	static
GPS.c:112:6:sendByte	24	static
GPS.c:123:6:sendCommand	16	static
GPS.c:139:6:UART1_IRQHandler	16	static
GPS.c:172:6:setup_UART1_interrupt	8	static
GPS.c:182:19:parse_gps	112	static
GPS.c:312:7:calculate_angle	56	static
GPS.c:331:7:calculate_distance	56	static
GPS.c:378:6:save_current_gps	24	static
GPS.c:418:7:get_bearing_angle_float	16	static
GPS.c:424:7:get_distance_float	16	static
GPS.c:431:19:get_current_coordinates	24	static
GPS.c:451:7:get_inital_latitude_float	8	static
GPS.c:455:7:get_saved_latitude_float	8	static
GPS.c:459:7:get_inital_longitude_float	8	static
GPS.c:463:7:get_saved_longitude_float	8	static
GPS.c:467:19:get_inital_coordinates	8	static
GPS.c:473:7:get_bearing_angle_char_arr	40	static
GPS.c:492:7:get_distance_char_arr	40	static
GPS.c:509:6:setupGPS	8	static
GPS.c:545:6:save_destination	24	static
GPS.c:587:6:print_float	48	static
GPS.c:602:5:reached_destination	24	static
