Archive member included to satisfy reference by file (symbol)

D:\Documents\MCUXpressoIDE_11.0.0_2516\workspace2\LCDLibrary\Debug\libLCDLibrary.a(lcd.o)
                              ./source/MKL46Z256xxx4_Project1.o (lcd_init)
D:\Documents\MCUXpressoIDE_11.0.0_2516\workspace2\IMULibrary\Debug\libIMULibrary.a(IMUInterface.o)
                              ./source/MKL46Z256xxx4_Project1.o (DeviceInit)
D:\Documents\MCUXpressoIDE_11.0.0_2516\workspace2\IMULibrary\Debug\libIMULibrary.a(I2CUtils.o)
                              D:\Documents\MCUXpressoIDE_11.0.0_2516\workspace2\IMULibrary\Debug\libIMULibrary.a(IMUInterface.o) (I2C1WriteByte)
D:\Documents\MCUXpressoIDE_11.0.0_2516\workspace2\GPSlib\Debug\libGPSlib.a(GPS.o)
                              ./source/MKL46Z256xxx4_Project1.o (delay_ms)
c:/nxp/mcuxpressoide_11.0.0_2516/ide/plugins/com.nxp.mcuxpresso.tools.win32_11.0.0.201905131304/tools/bin/../lib/gcc/arm-none-eabi/8.2.1/../../../../arm-none-eabi/lib/thumb/v6-m/nofp\libcr_semihost_nf.a(_cr__main.o)
                              ./startup/startup_mkl46z4.o (__main)
c:/nxp/mcuxpressoide_11.0.0_2516/ide/plugins/com.nxp.mcuxpresso.tools.win32_11.0.0.201905131304/tools/bin/../lib/gcc/arm-none-eabi/8.2.1/../../../../arm-none-eabi/lib/thumb/v6-m/nofp\libcr_semihost_nf.a(_cr_assert.o)
                              ./utilities/fsl_debug_console.o (__assertion_failed)
c:/nxp/mcuxpressoide_11.0.0_2516/ide/plugins/com.nxp.mcuxpresso.tools.win32_11.0.0.201905131304/tools/bin/../lib/gcc/arm-none-eabi/8.2.1/../../../../arm-none-eabi/lib/thumb/v6-m/nofp\libcr_semihost_nf.a(__ciob.o)
                              c:/nxp/mcuxpressoide_11.0.0_2516/ide/plugins/com.nxp.mcuxpresso.tools.win32_11.0.0.201905131304/tools/bin/../lib/gcc/arm-none-eabi/8.2.1/../../../../arm-none-eabi/lib/thumb/v6-m/nofp\libcr_semihost_nf.a(_cr_assert.o) (__Ciob)
c:/nxp/mcuxpressoide_11.0.0_2516/ide/plugins/com.nxp.mcuxpresso.tools.win32_11.0.0.201905131304/tools/bin/../lib/gcc/arm-none-eabi/8.2.1/../../../../arm-none-eabi/lib/thumb/v6-m/nofp\libcr_semihost_nf.a(__sys_appexit.o)
                              c:/nxp/mcuxpressoide_11.0.0_2516/ide/plugins/com.nxp.mcuxpresso.tools.win32_11.0.0.201905131304/tools/bin/../lib/gcc/arm-none-eabi/8.2.1/../../../../arm-none-eabi/lib/thumb/v6-m/nofp\libcr_semihost_nf.a(_cr_assert.o) (__sys_appexit)
c:/nxp/mcuxpressoide_11.0.0_2516/ide/plugins/com.nxp.mcuxpresso.tools.win32_11.0.0.201905131304/tools/bin/../lib/gcc/arm-none-eabi/8.2.1/../../../../arm-none-eabi/lib/thumb/v6-m/nofp\libcr_c.a(memcpy.o)
                              ./drivers/fsl_ftfx_cache.o (memcpy)
c:/nxp/mcuxpressoide_11.0.0_2516/ide/plugins/com.nxp.mcuxpresso.tools.win32_11.0.0.201905131304/tools/bin/../lib/gcc/arm-none-eabi/8.2.1/../../../../arm-none-eabi/lib/thumb/v6-m/nofp\libcr_c.a(memset.o)
                              ./drivers/fsl_ftfx_cache.o (memset)
c:/nxp/mcuxpressoide_11.0.0_2516/ide/plugins/com.nxp.mcuxpresso.tools.win32_11.0.0.201905131304/tools/bin/../lib/gcc/arm-none-eabi/8.2.1/../../../../arm-none-eabi/lib/thumb/v6-m/nofp\libcr_c.a(_deferredlazyseek.o)
                              c:/nxp/mcuxpressoide_11.0.0_2516/ide/plugins/com.nxp.mcuxpresso.tools.win32_11.0.0.201905131304/tools/bin/../lib/gcc/arm-none-eabi/8.2.1/../../../../arm-none-eabi/lib/thumb/v6-m/nofp\libcr_semihost_nf.a(_cr_assert.o) (__flsbuf)
c:/nxp/mcuxpressoide_11.0.0_2516/ide/plugins/com.nxp.mcuxpresso.tools.win32_11.0.0.201905131304/tools/bin/../lib/gcc/arm-none-eabi/8.2.1/../../../../arm-none-eabi/lib/thumb/v6-m/nofp\libcr_c.a(_fflush.o)
                              c:/nxp/mcuxpressoide_11.0.0_2516/ide/plugins/com.nxp.mcuxpresso.tools.win32_11.0.0.201905131304/tools/bin/../lib/gcc/arm-none-eabi/8.2.1/../../../../arm-none-eabi/lib/thumb/v6-m/nofp\libcr_c.a(_deferredlazyseek.o) (_fflush)
c:/nxp/mcuxpressoide_11.0.0_2516/ide/plugins/com.nxp.mcuxpresso.tools.win32_11.0.0.201905131304/tools/bin/../lib/gcc/arm-none-eabi/8.2.1/../../../../arm-none-eabi/lib/thumb/v6-m/nofp\libcr_c.a(_writebuf.o)
                              c:/nxp/mcuxpressoide_11.0.0_2516/ide/plugins/com.nxp.mcuxpresso.tools.win32_11.0.0.201905131304/tools/bin/../lib/gcc/arm-none-eabi/8.2.1/../../../../arm-none-eabi/lib/thumb/v6-m/nofp\libcr_c.a(_deferredlazyseek.o) (_Cwritebuf)
c:/nxp/mcuxpressoide_11.0.0_2516/ide/plugins/com.nxp.mcuxpresso.tools.win32_11.0.0.201905131304/tools/bin/../lib/gcc/arm-none-eabi/8.2.1/../../../../arm-none-eabi/lib/thumb/v6-m/nofp\libcr_c.a(alloc.o)
                              ./drivers/fsl_common.o (malloc)
c:/nxp/mcuxpressoide_11.0.0_2516/ide/plugins/com.nxp.mcuxpresso.tools.win32_11.0.0.201905131304/tools/bin/../lib/gcc/arm-none-eabi/8.2.1/../../../../arm-none-eabi/lib/thumb/v6-m/nofp\libcr_c.a(atan2.o)
                              D:\Documents\MCUXpressoIDE_11.0.0_2516\workspace2\GPSlib\Debug\libGPSlib.a(GPS.o) (atan2)
[...]
Memory Configuration

Name             Origin             Length             Attributes
PROGRAM_FLASH    0x00000000         0x00040000         xr
SRAM             0x1fffe000         0x00008000         xrw
*default*        0x00000000         0xffffffff

Linker script and memory map

LOAD ./utilities/fsl_debug_console.o
LOAD ./utilities/fsl_io.o
LOAD ./utilities/fsl_log.o
LOAD ./utilities/fsl_str.o
LOAD ./startup/startup_mkl46z4.o
LOAD ./source/MKL46Z256xxx4_Project1.o
LOAD ./source/mtb.o
LOAD ./source/semihost_hardfault.o
LOAD ./drivers/fsl_clock.o
LOAD ./drivers/fsl_common.o
LOAD ./drivers/fsl_ftfx_cache.o
LOAD ./drivers/fsl_ftfx_controller.o
LOAD ./drivers/fsl_ftfx_flash.o
LOAD ./drivers/fsl_ftfx_flexnvm.o
LOAD ./drivers/fsl_gpio.o
LOAD ./drivers/fsl_i2c.o
LOAD ./drivers/fsl_lpsci.o
LOAD ./drivers/fsl_smc.o
LOAD ./drivers/fsl_uart.o
LOAD ./board/board.o
LOAD ./board/clock_config.o
LOAD ./board/peripherals.o
LOAD ./board/pin_mux.o
LOAD ./CMSIS/system_MKL46Z4.o
LOAD D:\Documents\MCUXpressoIDE_11.0.0_2516\workspace2\LCDLibrary\Debug\libLCDLibrary.a
LOAD D:\Documents\MCUXpressoIDE_11.0.0_2516\workspace2\IMULibrary\Debug\libIMULibrary.a
LOAD D:\Documents\MCUXpressoIDE_11.0.0_2516\workspace2\GPSlib\Debug\libGPSlib.a
START GROUP
LOAD c:/nxp/mcuxpressoide_11.0.0_2516/ide/plugins/com.nxp.mcuxpresso.tools.win32_11.0.0.201905131304/tools/bin/../lib/gcc/arm-none-eabi/8.2.1/../../../../arm-none-eabi/lib/thumb/v6-m/nofp\libcr_semihost_nf.a
LOAD c:/nxp/mcuxpressoide_11.0.0_2516/ide/plugins/com.nxp.mcuxpresso.tools.win32_11.0.0.201905131304/tools/bin/../lib/gcc/arm-none-eabi/8.2.1/../../../../arm-none-eabi/lib/thumb/v6-m/nofp\libcr_c.a
LOAD c:/nxp/mcuxpressoide_11.0.0_2516/ide/plugins/com.nxp.mcuxpresso.tools.win32_11.0.0.201905131304/tools/bin/../lib/gcc/arm-none-eabi/8.2.1/thumb/v6-m/nofp\libcr_eabihelpers.a
LOAD c:/nxp/mcuxpressoide_11.0.0_2516/ide/plugins/com.nxp.mcuxpresso.tools.win32_11.0.0.201905131304/tools/bin/../lib/gcc/arm-none-eabi/8.2.1/thumb/v6-m/nofp\libgcc.a
END GROUP
                0x00000000                __base_PROGRAM_FLASH = 0x0
                0x00000000                __base_Flash = 0x0
                0x00040000                __top_PROGRAM_FLASH = 0x40000
                0x00040000                __top_Flash = 0x40000
                0x1fffe000                __base_SRAM = 0x1fffe000
                0x1fffe000                __base_RAM = 0x1fffe000
                0x20006000                __top_SRAM = 0x20006000
                0x20006000                __top_RAM = 0x20006000

.text           0x00000000     0x8e94
 FILL mask 0xff
                0x00000000                __vectors_start__ = ABSOLUTE (.)
 *(SORT_BY_ALIGNMENT(.isr_vector))
 .isr_vector    0x00000000       0xc0 ./startup/startup_mkl46z4.o
                0x00000000                g_pfnVectors
                0x00000000                __Vectors
                0x000000c0                . = ALIGN (0x4)
                0x000000c0                __section_table_start = .
                0x000000c0                __data_section_table = .
                0x000000c0        0x4 LONG 0x8e94 LOADADDR (.data)
                0x000000c4        0x4 LONG 0x1fffe080 ADDR (.data)
                0x000000c8        0x4 LONG 0x14 SIZEOF (.data)
                0x000000cc                __data_section_table_end = .
                0x000000cc                __bss_section_table = .
                0x000000cc        0x4 LONG 0x1fffe094 ADDR (.bss)
                0x000000d0        0x4 LONG 0x118 SIZEOF (.bss)
                0x000000d4                __bss_section_table_end = .
                0x000000d4                __section_table_end = .
 *(SORT_BY_ALIGNMENT(.after_vectors*))
 .after_vectors.reset
                0x000000d4       0x4c ./startup/startup_mkl46z4.o
                0x000000d4                ResetISR
 .after_vectors.init_data
                0x00000120       0x12 ./startup/startup_mkl46z4.o
                0x00000120                data_init
 .after_vectors.init_bss
                0x00000132       0x10 ./startup/startup_mkl46z4.o
                0x00000132                bss_init
 .after_vectors
                0x00000142      0x10c ./startup/startup_mkl46z4.o
                0x00000142                NMI_Handler
                0x00000146                SVC_Handler
                0x00000148                PendSV_Handler
                0x0000014c                LPTMR0_DriverIRQHandler
                0x0000014c                PORTC_PORTD_DriverIRQHandler
                0x0000014c                SPI1_DriverIRQHandler
                0x0000014c                DMA0_DriverIRQHandler
                0x0000014c                DMA2_DriverIRQHandler
                0x0000014c                CMP0_DriverIRQHandler
                0x0000014c                ADC0_DriverIRQHandler
                0x0000014c                I2S0_DriverIRQHandler
                0x0000014c                SPI0_DriverIRQHandler
                0x0000014c                TPM2_DriverIRQHandler
                0x0000014c                DMA3_DriverIRQHandler
                0x0000014c                DMA1_DriverIRQHandler
                0x0000014c                PIT_DriverIRQHandler
                0x0000014c                TSI0_DriverIRQHandler
                0x0000014c                RTC_Seconds_DriverIRQHandler
                0x0000014c                LCD_DriverIRQHandler
                0x0000014c                RTC_DriverIRQHandler
                0x0000014c                LLWU_DriverIRQHandler
                0x0000014c                MCG_DriverIRQHandler
                0x0000014c                TPM1_DriverIRQHandler
                0x0000014c                PORTA_DriverIRQHandler
                0x0000014c                FTFA_DriverIRQHandler
                0x0000014c                IntDefaultHandler
                0x0000014c                USB0_DriverIRQHandler
                0x0000014c                DAC0_DriverIRQHandler
                0x0000014c                LVD_LVW_DriverIRQHandler
                0x0000014c                TPM0_DriverIRQHandler
                0x0000014c                Reserved20_DriverIRQHandler
                0x0000014e                DMA0_IRQHandler
                0x00000156                DMA1_IRQHandler
                0x0000015e                DMA2_IRQHandler
                0x00000166                DMA3_IRQHandler
                0x0000016e                Reserved20_IRQHandler
                0x00000176                FTFA_IRQHandler
                0x0000017e                LVD_LVW_IRQHandler
                0x00000186                LLWU_IRQHandler
                0x0000018e                I2C0_IRQHandler
                0x00000196                I2C1_IRQHandler
                0x0000019e                SPI0_IRQHandler
                0x000001a6                SPI1_IRQHandler
                0x000001ae                UART0_IRQHandler
                0x000001be                UART2_IRQHandler
                0x000001c6                ADC0_IRQHandler
                0x000001ce                CMP0_IRQHandler
                0x000001d6                TPM0_IRQHandler
                0x000001de                TPM1_IRQHandler
                0x000001e6                TPM2_IRQHandler
                0x000001ee                RTC_IRQHandler
                0x000001f6                RTC_Seconds_IRQHandler
                0x000001fe                PIT_IRQHandler
                0x00000206                I2S0_IRQHandler
                0x0000020e                USB0_IRQHandler
                0x00000216                DAC0_IRQHandler
                0x0000021e                TSI0_IRQHandler
                0x00000226                MCG_IRQHandler
                0x0000022e                LPTMR0_IRQHandler
                0x00000236                LCD_IRQHandler
                0x0000023e                PORTA_IRQHandler
                0x00000246                PORTC_PORTD_IRQHandler
                0x00000400                . = 0x400
 *fill*         0x0000024e      0x1b2 ff
                0x00000400                PROVIDE (__FLASH_CONFIG_START__ = .)
 *(SORT_BY_ALIGNMENT(.FlashConfig))
 .FlashConfig   0x00000400       0x10 ./startup/startup_mkl46z4.o
                0x00000400                Flash_Config
                0x00000410                PROVIDE (__FLASH_CONFIG_END__ = .)
                0x00000001                ASSERT (! ((__FLASH_CONFIG_START__ == __FLASH_CONFIG_END__)), Linker Flash Config Support Enabled, but no .FlashConfig section provided within application)
 *(SORT_BY_ALIGNMENT(.text*))
 .text.DbgConsole_Init
                0x00000410       0x40 ./utilities/fsl_debug_console.o
                0x00000410                DbgConsole_Init
 .text.IO_Init  0x00000450       0xc4 ./utilities/fsl_io.o
                0x00000450                IO_Init
 .text.setup_motor
                0x00000514      0x114 ./source/MKL46Z256xxx4_Project1.o
                0x00000514                setup_motor
 .text.motor    0x00000628       0x24 ./source/MKL46Z256xxx4_Project1.o
                0x00000628                motor
 .text.main     0x0000064c      0x260 ./source/MKL46Z256xxx4_Project1.o
                0x0000064c                main
 .text.HardFault_Handler
                0x000008ac       0x30 ./source/semihost_hardfault.o
                0x000008ac                HardFault_Handler
 .text.CLOCK_SetEr32kClock
                0x000008dc       0x34 ./drivers/fsl_clock.o
 .text.CLOCK_SetPllFllSelClock
                0x00000910       0x38 ./drivers/fsl_clock.o
 .text.CLOCK_GetMcgExtClkFreq
                0x00000948       0x28 ./drivers/fsl_clock.o
 .text.CLOCK_GetFllExtRefClkFreq
                0x00000970       0xa4 ./drivers/fsl_clock.o
 .text.CLOCK_GetFllRefClkFreq
                0x00000a14       0x2c ./drivers/fsl_clock.o
 .text.CLOCK_GetOscRangeFromFreq
                0x00000a40       0x4c ./drivers/fsl_clock.o
 .text.CLOCK_GetPllFllSelClkFreq
                0x00000a8c       0x4c ./drivers/fsl_clock.o
                0x00000a8c                CLOCK_GetPllFllSelClkFreq
 .text.CLOCK_SetSimConfig
                0x00000ad8       0x38 ./drivers/fsl_clock.o
                0x00000ad8                CLOCK_SetSimConfig
 .text.CLOCK_GetFllFreq
                0x00000b10       0x84 ./drivers/fsl_clock.o
                0x00000b10                CLOCK_GetFllFreq
 .text.CLOCK_GetPll0Freq
                0x00000b94       0x70 ./drivers/fsl_clock.o
                0x00000b94                CLOCK_GetPll0Freq
 .text.CLOCK_EnablePll0
                0x00000c04       0x90 ./drivers/fsl_clock.o
                0x00000c04                CLOCK_EnablePll0
 .text.CLOCK_InitOsc0
                0x00000c94       0x94 ./drivers/fsl_clock.o
                0x00000c94                CLOCK_InitOsc0
 .text.CLOCK_SetPbeMode
                0x00000d28       0xb0 ./drivers/fsl_clock.o
                0x00000d28                CLOCK_SetPbeMode
 .text.CLOCK_BootToPeeMode
                0x00000dd8       0x70 ./drivers/fsl_clock.o
                0x00000dd8                CLOCK_BootToPeeMode
 .text.I2C_TransferCommonIRQHandler
                0x00000e48       0x54 ./drivers/fsl_i2c.o
 .text.I2C0_DriverIRQHandler
                0x00000e9c       0x20 ./drivers/fsl_i2c.o
                0x00000e9c                I2C0_DriverIRQHandler
 .text.I2C1_DriverIRQHandler
                0x00000ebc       0x20 ./drivers/fsl_i2c.o
                0x00000ebc                I2C1_DriverIRQHandler
 .text.CLOCK_EnableClock
                0x00000edc       0x34 ./drivers/fsl_lpsci.o
 .text.LPSCI_GetInstance
                0x00000f10       0x48 ./drivers/fsl_lpsci.o
                0x00000f10                LPSCI_GetInstance
 .text.LPSCI_Init
                0x00000f58      0x270 ./drivers/fsl_lpsci.o
                0x00000f58                LPSCI_Init
 .text.LPSCI_GetDefaultConfig
                0x000011c8       0x48 ./drivers/fsl_lpsci.o
                0x000011c8                LPSCI_GetDefaultConfig
 .text.UART0_DriverIRQHandler
                0x00001210       0x24 ./drivers/fsl_lpsci.o
                0x00001210                UART0_DriverIRQHandler
 .text.CLOCK_EnableClock
                0x00001234       0x34 ./drivers/fsl_uart.o
 .text.UART_GetInstance
                0x00001268       0x54 ./drivers/fsl_uart.o
                0x00001268                UART_GetInstance
 .text.UART_Init
                0x000012bc      0x1f8 ./drivers/fsl_uart.o
                0x000012bc                UART_Init
 .text.UART_GetDefaultConfig
                0x000014b4       0x48 ./drivers/fsl_uart.o
                0x000014b4                UART_GetDefaultConfig
 .text.UART1_DriverIRQHandler
                0x000014fc       0x24 ./drivers/fsl_uart.o
                0x000014fc                UART1_DriverIRQHandler
 .text.UART2_DriverIRQHandler
                0x00001520       0x24 ./drivers/fsl_uart.o
                0x00001520                UART2_DriverIRQHandler
 .text.CLOCK_SetLpsci0Clock
                0x00001544       0x38 ./board/board.o
 .text.BOARD_InitDebugConsole
                0x0000157c       0x30 ./board/board.o
                0x0000157c                BOARD_InitDebugConsole
 .text.CLOCK_SetTpmClock
                0x000015ac       0x38 ./board/clock_config.o
 .text.CLOCK_SetSimSafeDivs
                0x000015e4       0x20 ./board/clock_config.o
 .text.CLOCK_SetXtal0Freq
                0x00001604       0x1c ./board/clock_config.o
 .text.CLOCK_CONFIG_SetFllExtRefDiv
                0x00001620       0x3c ./board/clock_config.o
 .text.BOARD_BootClockRUN
                0x0000165c       0x60 ./board/clock_config.o
                0x0000165c                BOARD_BootClockRUN
 .text.CLOCK_EnableClock
                0x000016bc       0x34 ./board/pin_mux.o
 .text.PORT_SetPinConfig
                0x000016f0       0x38 ./board/pin_mux.o
 .text.BOARD_InitDEBUG_UART
                0x00001728       0x80 ./board/pin_mux.o
                0x00001728                BOARD_InitDEBUG_UART
 .text.SystemInit
                0x000017a8       0x1c ./CMSIS/system_MKL46Z4.o
                0x000017a8                SystemInit
 .text.lcd_init
                0x000017c4      0x6e8 D:\Documents\MCUXpressoIDE_11.0.0_2516\workspace2\LCDLibrary\Debug\libLCDLibrary.a(lcd.o)
                0x000017c4                lcd_init
 .text.lcd_displayOn
                0x00001eac       0xdc D:\Documents\MCUXpressoIDE_11.0.0_2516\workspace2\LCDLibrary\Debug\libLCDLibrary.a(lcd.o)
                0x00001eac                lcd_displayOn
 .text.lcd_displayUpper
                0x00001f88       0xc8 D:\Documents\MCUXpressoIDE_11.0.0_2516\workspace2\LCDLibrary\Debug\libLCDLibrary.a(lcd.o)
                0x00001f88                lcd_displayUpper
 .text.lcd_displayLower
                0x00002050       0xc8 D:\Documents\MCUXpressoIDE_11.0.0_2516\workspace2\LCDLibrary\Debug\libLCDLibrary.a(lcd.o)
                0x00002050                lcd_displayLower
 .text.lcd_print
                0x00002118      0x160 D:\Documents\MCUXpressoIDE_11.0.0_2516\workspace2\LCDLibrary\Debug\libLCDLibrary.a(lcd.o)
                0x00002118                lcd_print
 .text.lcd_printFloat
                0x00002278       0x34 D:\Documents\MCUXpressoIDE_11.0.0_2516\workspace2\LCDLibrary\Debug\libLCDLibrary.a(lcd.o)
                0x00002278                lcd_printFloat
 .text.lcd_clear
                0x000022ac       0xdc D:\Documents\MCUXpressoIDE_11.0.0_2516\workspace2\LCDLibrary\Debug\libLCDLibrary.a(lcd.o)
                0x000022ac                lcd_clear
 .text.__NVIC_SetPriority
                0x00002388       0xdc D:\Documents\MCUXpressoIDE_11.0.0_2516\workspace2\IMULibrary\Debug\libIMULibrary.a(IMUInterface.o)
 .text.SysTick_Config
                0x00002464       0x48 D:\Documents\MCUXpressoIDE_11.0.0_2516\workspace2\IMULibrary\Debug\libIMULibrary.a(IMUInterface.o)
 .text.SysTick_Handler
                0x000024ac       0x20 D:\Documents\MCUXpressoIDE_11.0.0_2516\workspace2\IMULibrary\Debug\libIMULibrary.a(IMUInterface.o)
                0x000024ac                SysTick_Handler
 .text.SysTick_DelayTicks
                0x000024cc       0x24 D:\Documents\MCUXpressoIDE_11.0.0_2516\workspace2\IMULibrary\Debug\libIMULibrary.a(IMUInterface.o)
                0x000024cc                SysTick_DelayTicks
 .text.DeviceInit
                0x000024f0       0xac D:\Documents\MCUXpressoIDE_11.0.0_2516\workspace2\IMULibrary\Debug\libIMULibrary.a(IMUInterface.o)
                0x000024f0                DeviceInit
 .text.I2C1clearStatusFlags
                0x0000259c       0x30 D:\Documents\MCUXpressoIDE_11.0.0_2516\workspace2\IMULibrary\Debug\libIMULibrary.a(I2CUtils.o)
                0x0000259c                I2C1clearStatusFlags
 .text.I2C1TCFWait
                0x000025cc       0x1c D:\Documents\MCUXpressoIDE_11.0.0_2516\workspace2\IMULibrary\Debug\libIMULibrary.a(I2CUtils.o)
                0x000025cc                I2C1TCFWait
 .text.I2C1IICIFWait
                0x000025e8       0x20 D:\Documents\MCUXpressoIDE_11.0.0_2516\workspace2\IMULibrary\Debug\libIMULibrary.a(I2CUtils.o)
                0x000025e8                I2C1IICIFWait
 .text.I2C1SendStart
                0x00002608       0x20 D:\Documents\MCUXpressoIDE_11.0.0_2516\workspace2\IMULibrary\Debug\libIMULibrary.a(I2CUtils.o)
                0x00002608                I2C1SendStart
 .text.I2C1RepeatStart
                0x00002628       0x2c D:\Documents\MCUXpressoIDE_11.0.0_2516\workspace2\IMULibrary\Debug\libIMULibrary.a(I2CUtils.o)
                0x00002628                I2C1RepeatStart
 .text.I2C1SendStop
                0x00002654       0x30 D:\Documents\MCUXpressoIDE_11.0.0_2516\workspace2\IMULibrary\Debug\libIMULibrary.a(I2CUtils.o)
                0x00002654                I2C1SendStop
 .text.I2C1clearIICIF
                0x00002684       0x20 D:\Documents\MCUXpressoIDE_11.0.0_2516\workspace2\IMULibrary\Debug\libIMULibrary.a(I2CUtils.o)
                0x00002684                I2C1clearIICIF
 .text.I2C1RxAK
                0x000026a4       0x20 D:\Documents\MCUXpressoIDE_11.0.0_2516\workspace2\IMULibrary\Debug\libIMULibrary.a(I2CUtils.o)
                0x000026a4                I2C1RxAK
 .text.I2C1WriteByte
                0x000026c4       0xc4 D:\Documents\MCUXpressoIDE_11.0.0_2516\workspace2\IMULibrary\Debug\libIMULibrary.a(I2CUtils.o)
                0x000026c4                I2C1WriteByte
 .text.I2C1ReadBlock
                0x00002788      0x17c D:\Documents\MCUXpressoIDE_11.0.0_2516\workspace2\IMULibrary\Debug\libIMULibrary.a(I2CUtils.o)
                0x00002788                I2C1ReadBlock
 .text.initI2C1
                0x00002904       0xb8 D:\Documents\MCUXpressoIDE_11.0.0_2516\workspace2\IMULibrary\Debug\libIMULibrary.a(I2CUtils.o)
                0x00002904                initI2C1
 .text.convert_float_to_char
                0x000029bc      0x10c D:\Documents\MCUXpressoIDE_11.0.0_2516\workspace2\GPSlib\Debug\libGPSlib.a(GPS.o)
                0x000029bc                convert_float_to_char
 .text.delay_ms
                0x00002ac8       0x34 D:\Documents\MCUXpressoIDE_11.0.0_2516\workspace2\GPSlib\Debug\libGPSlib.a(GPS.o)
                0x00002ac8                delay_ms
 .text.UART1_IRQHandler
                0x00002afc       0xd4 D:\Documents\MCUXpressoIDE_11.0.0_2516\workspace2\GPSlib\Debug\libGPSlib.a(GPS.o)
                0x00002afc                UART1_IRQHandler
 .text.parse_gps
                0x00002bd0      0x404 D:\Documents\MCUXpressoIDE_11.0.0_2516\workspace2\GPSlib\Debug\libGPSlib.a(GPS.o)
                0x00002bd0                parse_gps
 .text.calculate_angle
                0x00002fd4       0xac D:\Documents\MCUXpressoIDE_11.0.0_2516\workspace2\GPSlib\Debug\libGPSlib.a(GPS.o)
                0x00002fd4                calculate_angle
 .text.calculate_distance
                0x00003080      0x10c D:\Documents\MCUXpressoIDE_11.0.0_2516\workspace2\GPSlib\Debug\libGPSlib.a(GPS.o)
                0x00003080                calculate_distance
 .text.save_current_gps
                0x0000318c       0x9c D:\Documents\MCUXpressoIDE_11.0.0_2516\workspace2\GPSlib\Debug\libGPSlib.a(GPS.o)
                0x0000318c                save_current_gps
 .text.get_bearing_angle_float
                0x00003228       0x2c D:\Documents\MCUXpressoIDE_11.0.0_2516\workspace2\GPSlib\Debug\libGPSlib.a(GPS.o)
                0x00003228                get_bearing_angle_float
 .text.get_distance_float
                0x00003254       0x2c D:\Documents\MCUXpressoIDE_11.0.0_2516\workspace2\GPSlib\Debug\libGPSlib.a(GPS.o)
                0x00003254                get_distance_float
 .text.get_current_coordinates
                0x00003280       0x64 D:\Documents\MCUXpressoIDE_11.0.0_2516\workspace2\GPSlib\Debug\libGPSlib.a(GPS.o)
                0x00003280                get_current_coordinates
 .text.get_inital_coordinates
                0x000032e4       0x14 D:\Documents\MCUXpressoIDE_11.0.0_2516\workspace2\GPSlib\Debug\libGPSlib.a(GPS.o)
                0x000032e4                get_inital_coordinates
 .text.save_destination
                0x000032f8       0xa8 D:\Documents\MCUXpressoIDE_11.0.0_2516\workspace2\GPSlib\Debug\libGPSlib.a(GPS.o)
                0x000032f8                save_destination
 .text.print_float
                0x000033a0       0x30 D:\Documents\MCUXpressoIDE_11.0.0_2516\workspace2\GPSlib\Debug\libGPSlib.a(GPS.o)
                0x000033a0                print_float
 .text.reached_destination
                0x000033d0       0x40 D:\Documents\MCUXpressoIDE_11.0.0_2516\workspace2\GPSlib\Debug\libGPSlib.a(GPS.o)
                0x000033d0                reached_destination
 .text.__assertion_failed
                0x00003410       0x4c c:/nxp/mcuxpressoide_11.0.0_2516/ide/plugins/com.nxp.mcuxpresso.tools.win32_11.0.0.201905131304/tools/bin/../lib/gcc/arm-none-eabi/8.2.1/../../../../arm-none-eabi/lib/thumb/v6-m/nofp\libcr_semihost_nf.a(_cr_assert.o)
                0x00003410                __assertion_failed
 .text.__sys_appexit
                0x0000345c        0xc c:/nxp/mcuxpressoide_11.0.0_2516/ide/plugins/com.nxp.mcuxpresso.tools.win32_11.0.0.201905131304/tools/bin/../lib/gcc/arm-none-eabi/8.2.1/../../../../arm-none-eabi/lib/thumb/v6-m/nofp\libcr_semihost_nf.a(__sys_appexit.o)
                0x0000345c                __sys_appexit
                0x0000345c                __exit
 .text._deferredlazyseek
                0x00003468       0x40 c:/nxp/mcuxpressoide_11.0.0_2516/ide/plugins/com.nxp.mcuxpresso.tools.win32_11.0.0.201905131304/tools/bin/../lib/gcc/arm-none-eabi/8.2.1/../../../../arm-none-eabi/lib/thumb/v6-m/nofp\libcr_c.a(_deferredlazyseek.o)
                0x00003468                _deferredlazyseek
 .text.__flsbuf
                0x000034a8      0x14c c:/nxp/mcuxpressoide_11.0.0_2516/ide/plugins/com.nxp.mcuxpresso.tools.win32_11.0.0.201905131304/tools/bin/../lib/gcc/arm-none-eabi/8.2.1/../../../../arm-none-eabi/lib/thumb/v6-m/nofp\libcr_c.a(_deferredlazyseek.o)
                0x000034a8                __flsbuf
 .text._fflush  0x000035f4       0x5c c:/nxp/mcuxpressoide_11.0.0_2516/ide/plugins/com.nxp.mcuxpresso.tools.win32_11.0.0.201905131304/tools/bin/../lib/gcc/arm-none-eabi/8.2.1/../../../../arm-none-eabi/lib/thumb/v6-m/nofp\libcr_c.a(_fflush.o)
                0x000035f4                _fflush
 .text._Cwritebuf
                0x00003650       0x68 c:/nxp/mcuxpressoide_11.0.0_2516/ide/plugins/com.nxp.mcuxpresso.tools.win32_11.0.0.201905131304/tools/bin/../lib/gcc/arm-none-eabi/8.2.1/../../../../arm-none-eabi/lib/thumb/v6-m/nofp\libcr_c.a(_writebuf.o)
                0x00003650                _Cwritebuf
 .text.malloc   0x000036b8       0xcc c:/nxp/mcuxpressoide_11.0.0_2516/ide/plugins/com.nxp.mcuxpresso.tools.win32_11.0.0.201905131304/tools/bin/../lib/gcc/arm-none-eabi/8.2.1/../../../../arm-none-eabi/lib/thumb/v6-m/nofp\libcr_c.a(alloc.o)
                0x000036b8                malloc
 .text._Csys_alloc
                0x00003784       0x20 c:/nxp/mcuxpressoide_11.0.0_2516/ide/plugins/com.nxp.mcuxpresso.tools.win32_11.0.0.201905131304/tools/bin/../lib/gcc/arm-none-eabi/8.2.1/../../../../arm-none-eabi/lib/thumb/v6-m/nofp\libcr_c.a(alloc.o)
                0x00003784                _Csys_alloc
 .text.atan2    0x000037a4      0x108 c:/nxp/mcuxpressoide_11.0.0_2516/ide/plugins/com.nxp.mcuxpresso.tools.win32_11.0.0.201905131304/tools/bin/../lib/gcc/arm-none-eabi/8.2.1/../../../../arm-none-eabi/lib/thumb/v6-m/nofp\libcr_c.a(atan2.o)
                0x000037a4                atan2
 .text.sprintf  0x000038ac       0x6c c:/nxp/mcuxpressoide_11.0.0_2516/ide/plugins/com.nxp.mcuxpresso.tools.win32_11.0.0.201905131304/tools/bin/../lib/gcc/arm-none-eabi/8.2.1/../../../../arm-none-eabi/lib/thumb/v6-m/nofp\libcr_c.a(fpprintf.o)
                0x000038ac                sprintf
 .text.fp_display
                0x00003918      0x964 c:/nxp/mcuxpressoide_11.0.0_2516/ide/plugins/com.nxp.mcuxpresso.tools.win32_11.0.0.201905131304/tools/bin/../lib/gcc/arm-none-eabi/8.2.1/../../../../arm-none-eabi/lib/thumb/v6-m/nofp\libcr_c.a(fpprintf.o)
 .text.fseek    0x0000427c       0xf0 c:/nxp/mcuxpressoide_11.0.0_2516/ide/plugins/com.nxp.mcuxpresso.tools.win32_11.0.0.201905131304/tools/bin/../lib/gcc/arm-none-eabi/8.2.1/../../../../arm-none-eabi/lib/thumb/v6-m/nofp\libcr_c.a(fseek.o)
                0x0000427c                fseek
 .text.ftell    0x0000436c       0x48 c:/nxp/mcuxpressoide_11.0.0_2516/ide/plugins/com.nxp.mcuxpresso.tools.win32_11.0.0.201905131304/tools/bin/../lib/gcc/arm-none-eabi/8.2.1/../../../../arm-none-eabi/lib/thumb/v6-m/nofp\libcr_c.a(ftell.o)
                0x0000436c                ftell
 .text._initio  0x000043b4       0x7c c:/nxp/mcuxpressoide_11.0.0_2516/ide/plugins/com.nxp.mcuxpresso.tools.win32_11.0.0.201905131304/tools/bin/../lib/gcc/arm-none-eabi/8.2.1/../../../../arm-none-eabi/lib/thumb/v6-m/nofp\libcr_c.a(initio.o)
                0x000043b4                _initio
 .text.pow      0x00004430      0x548 c:/nxp/mcuxpressoide_11.0.0_2516/ide/plugins/com.nxp.mcuxpresso.tools.win32_11.0.0.201905131304/tools/bin/../lib/gcc/arm-none-eabi/8.2.1/../../../../arm-none-eabi/lib/thumb/v6-m/nofp\libcr_c.a(pow.o)
                0x00004430                pow
 .text.__vfprintf
                0x00004978      0xcd8 c:/nxp/mcuxpressoide_11.0.0_2516/ide/plugins/com.nxp.mcuxpresso.tools.win32_11.0.0.201905131304/tools/bin/../lib/gcc/arm-none-eabi/8.2.1/../../../../arm-none-eabi/lib/thumb/v6-m/nofp\libcr_c.a(printf.o)
                0x00004978                __vfprintf
 .text._vsnprintf
                0x00005650       0x70 c:/nxp/mcuxpressoide_11.0.0_2516/ide/plugins/com.nxp.mcuxpresso.tools.win32_11.0.0.201905131304/tools/bin/../lib/gcc/arm-none-eabi/8.2.1/../../../../arm-none-eabi/lib/thumb/v6-m/nofp\libcr_c.a(printf.o)
                0x00005650                _vsnprintf
 .text._printf  0x000056c0       0x50 c:/nxp/mcuxpressoide_11.0.0_2516/ide/plugins/com.nxp.mcuxpresso.tools.win32_11.0.0.201905131304/tools/bin/../lib/gcc/arm-none-eabi/8.2.1/../../../../arm-none-eabi/lib/thumb/v6-m/nofp\libcr_c.a(printf.o)
                0x000056c0                _printf
 .text.ch_val   0x00005710       0x30 c:/nxp/mcuxpressoide_11.0.0_2516/ide/plugins/com.nxp.mcuxpresso.tools.win32_11.0.0.201905131304/tools/bin/../lib/gcc/arm-none-eabi/8.2.1/../../../../arm-none-eabi/lib/thumb/v6-m/nofp\libcr_c.a(scanf.o)
 .text.cr_rd_int
                0x00005740      0x1c4 c:/nxp/mcuxpressoide_11.0.0_2516/ide/plugins/com.nxp.mcuxpresso.tools.win32_11.0.0.201905131304/tools/bin/../lib/gcc/arm-none-eabi/8.2.1/../../../../arm-none-eabi/lib/thumb/v6-m/nofp\libcr_c.a(scanf.o)
 .text.vfscanf  0x00005904      0x954 c:/nxp/mcuxpressoide_11.0.0_2516/ide/plugins/com.nxp.mcuxpresso.tools.win32_11.0.0.201905131304/tools/bin/../lib/gcc/arm-none-eabi/8.2.1/../../../../arm-none-eabi/lib/thumb/v6-m/nofp\libcr_c.a(scanf.o)
                0x00005904                vfscanf
 .text.strtod   0x00006258       0x38 c:/nxp/mcuxpressoide_11.0.0_2516/ide/plugins/com.nxp.mcuxpresso.tools.win32_11.0.0.201905131304/tools/bin/../lib/gcc/arm-none-eabi/8.2.1/../../../../arm-none-eabi/lib/thumb/v6-m/nofp\libcr_c.a(scanf.o)
                0x00006258                strtod
 .text.atof     0x00006290       0x14 c:/nxp/mcuxpressoide_11.0.0_2516/ide/plugins/com.nxp.mcuxpresso.tools.win32_11.0.0.201905131304/tools/bin/../lib/gcc/arm-none-eabi/8.2.1/../../../../arm-none-eabi/lib/thumb/v6-m/nofp\libcr_c.a(scanf.o)
                0x00006290                atof
 .text.setvbuf  0x000062a4       0x4c c:/nxp/mcuxpressoide_11.0.0_2516/ide/plugins/com.nxp.mcuxpresso.tools.win32_11.0.0.201905131304/tools/bin/../lib/gcc/arm-none-eabi/8.2.1/../../../../arm-none-eabi/lib/thumb/v6-m/nofp\libcr_c.a(setvbuf.o)
                0x000062a4                setvbuf
 .text.sqrt     0x000062f0      0x13c c:/nxp/mcuxpressoide_11.0.0_2516/ide/plugins/com.nxp.mcuxpresso.tools.win32_11.0.0.201905131304/tools/bin/../lib/gcc/arm-none-eabi/8.2.1/../../../../arm-none-eabi/lib/thumb/v6-m/nofp\libcr_c.a(sqrt.o)
                0x000062f0                sqrt
 .text.strlen   0x0000642c       0x58 c:/nxp/mcuxpressoide_11.0.0_2516/ide/plugins/com.nxp.mcuxpresso.tools.win32_11.0.0.201905131304/tools/bin/../lib/gcc/arm-none-eabi/8.2.1/../../../../arm-none-eabi/lib/thumb/v6-m/nofp\libcr_c.a(strlen.o)
                0x0000642c                strlen
 .text.strtok   0x00006484       0x44 c:/nxp/mcuxpressoide_11.0.0_2516/ide/plugins/com.nxp.mcuxpresso.tools.win32_11.0.0.201905131304/tools/bin/../lib/gcc/arm-none-eabi/8.2.1/../../../../arm-none-eabi/lib/thumb/v6-m/nofp\libcr_c.a(strtok.o)
                0x00006484                strtok
 .text.ungetc   0x000064c8       0x38 c:/nxp/mcuxpressoide_11.0.0_2516/ide/plugins/com.nxp.mcuxpresso.tools.win32_11.0.0.201905131304/tools/bin/../lib/gcc/arm-none-eabi/8.2.1/../../../../arm-none-eabi/lib/thumb/v6-m/nofp\libcr_c.a(ungetc.o)
                0x000064c8                ungetc
 .text.__filbuf
                0x00006500      0x188 c:/nxp/mcuxpressoide_11.0.0_2516/ide/plugins/com.nxp.mcuxpresso.tools.win32_11.0.0.201905131304/tools/bin/../lib/gcc/arm-none-eabi/8.2.1/../../../../arm-none-eabi/lib/thumb/v6-m/nofp\libcr_c.a(__fillbuf.o)
                0x00006500                __filbuf
 .text._sbrk    0x00006688       0x40 c:/nxp/mcuxpressoide_11.0.0_2516/ide/plugins/com.nxp.mcuxpresso.tools.win32_11.0.0.201905131304/tools/bin/../lib/gcc/arm-none-eabi/8.2.1/../../../../arm-none-eabi/lib/thumb/v6-m/nofp\libcr_c.a(_cr_sbrk.o)
                0x00006688                _sbrk
 .text._fdopen  0x000066c8       0x74 c:/nxp/mcuxpressoide_11.0.0_2516/ide/plugins/com.nxp.mcuxpresso.tools.win32_11.0.0.201905131304/tools/bin/../lib/gcc/arm-none-eabi/8.2.1/../../../../arm-none-eabi/lib/thumb/v6-m/nofp\libcr_c.a(_fdopen.o)
                0x000066c8                _fdopen
 .text._frexpl  0x0000673c       0x80 c:/nxp/mcuxpressoide_11.0.0_2516/ide/plugins/com.nxp.mcuxpresso.tools.win32_11.0.0.201905131304/tools/bin/../lib/gcc/arm-none-eabi/8.2.1/../../../../arm-none-eabi/lib/thumb/v6-m/nofp\libcr_c.a(_frexpl.o)
                0x0000673c                _frexpl
 .text._ldexpl  0x000067bc       0x58 c:/nxp/mcuxpressoide_11.0.0_2516/ide/plugins/com.nxp.mcuxpresso.tools.win32_11.0.0.201905131304/tools/bin/../lib/gcc/arm-none-eabi/8.2.1/../../../../arm-none-eabi/lib/thumb/v6-m/nofp\libcr_c.a(_ldexpl.o)
                0x000067bc                _ldexpl
 .text.atan     0x00006814      0x204 c:/nxp/mcuxpressoide_11.0.0_2516/ide/plugins/com.nxp.mcuxpresso.tools.win32_11.0.0.201905131304/tools/bin/../lib/gcc/arm-none-eabi/8.2.1/../../../../arm-none-eabi/lib/thumb/v6-m/nofp\libcr_c.a(atan.o)
                0x00006814                atan
 .text.fclose   0x00006a18       0x5c c:/nxp/mcuxpressoide_11.0.0_2516/ide/plugins/com.nxp.mcuxpresso.tools.win32_11.0.0.201905131304/tools/bin/../lib/gcc/arm-none-eabi/8.2.1/../../../../arm-none-eabi/lib/thumb/v6-m/nofp\libcr_c.a(fclose.o)
                0x00006a18                fclose
 .text.fflush   0x00006a74       0x44 c:/nxp/mcuxpressoide_11.0.0_2516/ide/plugins/com.nxp.mcuxpresso.tools.win32_11.0.0.201905131304/tools/bin/../lib/gcc/arm-none-eabi/8.2.1/../../../../arm-none-eabi/lib/thumb/v6-m/nofp\libcr_c.a(fflush.o)
                0x00006a74                fflush
 .text.frexp    0x00006ab8       0x80 c:/nxp/mcuxpressoide_11.0.0_2516/ide/plugins/com.nxp.mcuxpresso.tools.win32_11.0.0.201905131304/tools/bin/../lib/gcc/arm-none-eabi/8.2.1/../../../../arm-none-eabi/lib/thumb/v6-m/nofp\libcr_c.a(frexp.o)
                0x00006ab8                frexp
 .text.ldexp    0x00006b38       0x58 c:/nxp/mcuxpressoide_11.0.0_2516/ide/plugins/com.nxp.mcuxpresso.tools.win32_11.0.0.201905131304/tools/bin/../lib/gcc/arm-none-eabi/8.2.1/../../../../arm-none-eabi/lib/thumb/v6-m/nofp\libcr_c.a(ldexp.o)
                0x00006b38                ldexp
 .text.__check_heap_overflow
                0x00006b90       0x14 c:/nxp/mcuxpressoide_11.0.0_2516/ide/plugins/com.nxp.mcuxpresso.tools.win32_11.0.0.201905131304/tools/bin/../lib/gcc/arm-none-eabi/8.2.1/../../../../arm-none-eabi/lib/thumb/v6-m/nofp\libcr_c.a(_cr_check_heap.o)
                0x00006b90                __check_heap_overflow
 .text._do_fflush
                0x00006ba4       0x44 c:/nxp/mcuxpressoide_11.0.0_2516/ide/plugins/com.nxp.mcuxpresso.tools.win32_11.0.0.201905131304/tools/bin/../lib/gcc/arm-none-eabi/8.2.1/../../../../arm-none-eabi/lib/thumb/v6-m/nofp\libcr_c.a(_do_fflush.o)
                0x00006ba4                _do_fflush
 .text.__aeabi_dmul
                0x00006be8      0x188 c:/nxp/mcuxpressoide_11.0.0_2516/ide/plugins/com.nxp.mcuxpresso.tools.win32_11.0.0.201905131304/tools/bin/../lib/gcc/arm-none-eabi/8.2.1/thumb/v6-m/nofp\libcr_eabihelpers.a(double.o)
                0x00006be8                __aeabi_dmul
 .text.__aeabi_ddiv
                0x00006d70      0x148 c:/nxp/mcuxpressoide_11.0.0_2516/ide/plugins/com.nxp.mcuxpresso.tools.win32_11.0.0.201905131304/tools/bin/../lib/gcc/arm-none-eabi/8.2.1/thumb/v6-m/nofp\libcr_eabihelpers.a(double.o)
                0x00006d70                __aeabi_ddiv
 .text.__aeabi_dsub
                0x00006eb8      0x1c4 c:/nxp/mcuxpressoide_11.0.0_2516/ide/plugins/com.nxp.mcuxpresso.tools.win32_11.0.0.201905131304/tools/bin/../lib/gcc/arm-none-eabi/8.2.1/thumb/v6-m/nofp\libcr_eabihelpers.a(double.o)
                0x00006eb8                __aeabi_dsub
 .text.__aeabi_dadd
                0x0000707c      0x12c c:/nxp/mcuxpressoide_11.0.0_2516/ide/plugins/com.nxp.mcuxpresso.tools.win32_11.0.0.201905131304/tools/bin/../lib/gcc/arm-none-eabi/8.2.1/thumb/v6-m/nofp\libcr_eabihelpers.a(double.o)
                0x0000707c                __aeabi_dadd
 .text.__aeabi_d2f
                0x000071a8       0x60 c:/nxp/mcuxpressoide_11.0.0_2516/ide/plugins/com.nxp.mcuxpresso.tools.win32_11.0.0.201905131304/tools/bin/../lib/gcc/arm-none-eabi/8.2.1/thumb/v6-m/nofp\libcr_eabihelpers.a(double.o)
                0x000071a8                __aeabi_d2f
 .text.__aeabi_d2iz
                0x00007208       0x4c c:/nxp/mcuxpressoide_11.0.0_2516/ide/plugins/com.nxp.mcuxpresso.tools.win32_11.0.0.201905131304/tools/bin/../lib/gcc/arm-none-eabi/8.2.1/thumb/v6-m/nofp\libcr_eabihelpers.a(double.o)
                0x00007208                __aeabi_d2iz
 .text.__aeabi_dcmpeq
                0x00007254       0x30 c:/nxp/mcuxpressoide_11.0.0_2516/ide/plugins/com.nxp.mcuxpresso.tools.win32_11.0.0.201905131304/tools/bin/../lib/gcc/arm-none-eabi/8.2.1/thumb/v6-m/nofp\libcr_eabihelpers.a(double.o)
                0x00007254                __aeabi_dcmpeq
 .text.__aeabi_dcmplt
                0x00007284       0x60 c:/nxp/mcuxpressoide_11.0.0_2516/ide/plugins/com.nxp.mcuxpresso.tools.win32_11.0.0.201905131304/tools/bin/../lib/gcc/arm-none-eabi/8.2.1/thumb/v6-m/nofp\libcr_eabihelpers.a(double.o)
                0x00007284                __aeabi_dcmplt
 .text.__aeabi_dcmpgt
                0x000072e4       0x58 c:/nxp/mcuxpressoide_11.0.0_2516/ide/plugins/com.nxp.mcuxpresso.tools.win32_11.0.0.201905131304/tools/bin/../lib/gcc/arm-none-eabi/8.2.1/thumb/v6-m/nofp\libcr_eabihelpers.a(double.o)
                0x000072e4                __aeabi_dcmpgt
 .text.__aeabi_dcmple
                0x0000733c       0x58 c:/nxp/mcuxpressoide_11.0.0_2516/ide/plugins/com.nxp.mcuxpresso.tools.win32_11.0.0.201905131304/tools/bin/../lib/gcc/arm-none-eabi/8.2.1/thumb/v6-m/nofp\libcr_eabihelpers.a(double.o)
                0x0000733c                __aeabi_dcmple
 .text.__aeabi_dcmpge
                0x00007394       0x60 c:/nxp/mcuxpressoide_11.0.0_2516/ide/plugins/com.nxp.mcuxpresso.tools.win32_11.0.0.201905131304/tools/bin/../lib/gcc/arm-none-eabi/8.2.1/thumb/v6-m/nofp\libcr_eabihelpers.a(double.o)
                0x00007394                __aeabi_dcmpge
 .text.__aeabi_fmul
                0x000073f4       0xc4 c:/nxp/mcuxpressoide_11.0.0_2516/ide/plugins/com.nxp.mcuxpresso.tools.win32_11.0.0.201905131304/tools/bin/../lib/gcc/arm-none-eabi/8.2.1/thumb/v6-m/nofp\libcr_eabihelpers.a(float.o)
                0x000073f4                __aeabi_fmul
 .text.__aeabi_fsub
                0x000074b8      0x128 c:/nxp/mcuxpressoide_11.0.0_2516/ide/plugins/com.nxp.mcuxpresso.tools.win32_11.0.0.201905131304/tools/bin/../lib/gcc/arm-none-eabi/8.2.1/thumb/v6-m/nofp\libcr_eabihelpers.a(float.o)
                0x000074b8                __aeabi_fsub
 .text.__aeabi_fadd
                0x000075e0       0xac c:/nxp/mcuxpressoide_11.0.0_2516/ide/plugins/com.nxp.mcuxpresso.tools.win32_11.0.0.201905131304/tools/bin/../lib/gcc/arm-none-eabi/8.2.1/thumb/v6-m/nofp\libcr_eabihelpers.a(float.o)
                0x000075e0                __aeabi_fadd
 .text.__aeabi_f2iz
                0x0000768c       0x3c c:/nxp/mcuxpressoide_11.0.0_2516/ide/plugins/com.nxp.mcuxpresso.tools.win32_11.0.0.201905131304/tools/bin/../lib/gcc/arm-none-eabi/8.2.1/thumb/v6-m/nofp\libcr_eabihelpers.a(float.o)
                0x0000768c                __aeabi_f2iz
 .text.__aeabi_f2d
                0x000076c8       0x3c c:/nxp/mcuxpressoide_11.0.0_2516/ide/plugins/com.nxp.mcuxpresso.tools.win32_11.0.0.201905131304/tools/bin/../lib/gcc/arm-none-eabi/8.2.1/thumb/v6-m/nofp\libcr_eabihelpers.a(float.o)
                0x000076c8                __aeabi_f2d
 .text.UART_EnableTx
                0x00007704       0x40 ./utilities/fsl_io.o
 .text.UART_EnableRx
                0x00007744       0x40 ./utilities/fsl_io.o
 .text.LPSCI_EnableTx
                0x00007784       0x40 ./utilities/fsl_io.o
 .text.LPSCI_EnableRx
                0x000077c4       0x40 ./utilities/fsl_io.o
 .text.LOG_Init
                0x00007804       0x3a ./utilities/fsl_log.o
                0x00007804                LOG_Init
 .text.OSC_SetExtRefClkConfig
                0x0000783e       0x3e ./drivers/fsl_clock.o
 .text.OSC_SetCapLoad
                0x0000787c       0x42 ./drivers/fsl_clock.o
 .text.CLOCK_GetPll0RefFreq
                0x000078be       0x10 ./drivers/fsl_clock.o
 .text.CLOCK_SetExternalRefClkConfig
                0x000078ce       0x16 ./drivers/fsl_clock.o
                0x000078ce                CLOCK_SetExternalRefClkConfig
 .text.BOARD_InitBootClocks
                0x000078e4        0xe ./board/clock_config.o
                0x000078e4                BOARD_InitBootClocks
 .text.BOARD_InitPeripherals
                0x000078f2        0xa ./board/peripherals.o
                0x000078f2                BOARD_InitPeripherals
 .text.BOARD_InitBootPeripherals
                0x000078fc        0xe ./board/peripherals.o
                0x000078fc                BOARD_InitBootPeripherals
 .text.BOARD_InitBootPins
                0x0000790a       0x12 ./board/pin_mux.o
                0x0000790a                BOARD_InitBootPins
 .text.BOARD_InitPins
                0x0000791c        0xa ./board/pin_mux.o
                0x0000791c                BOARD_InitPins
 .text.SystemInitHook
                0x00007926        0xa ./CMSIS/system_MKL46Z4.o
                0x00007926                SystemInitHook
 .text.GetEulerVectors
                0x00007930       0x6c D:\Documents\MCUXpressoIDE_11.0.0_2516\workspace2\IMULibrary\Debug\libIMULibrary.a(IMUInterface.o)
                0x00007930                GetEulerVectors
 .text.GetEulerHeadingDeg
                0x0000799c       0x3a D:\Documents\MCUXpressoIDE_11.0.0_2516\workspace2\IMULibrary\Debug\libIMULibrary.a(IMUInterface.o)
                0x0000799c                GetEulerHeadingDeg
 .text.GetEulerHeadingMin
                0x000079d6       0x4c D:\Documents\MCUXpressoIDE_11.0.0_2516\workspace2\IMULibrary\Debug\libIMULibrary.a(IMUInterface.o)
                0x000079d6                GetEulerHeadingMin
 .text.reverse  0x00007a22       0x58 D:\Documents\MCUXpressoIDE_11.0.0_2516\workspace2\GPSlib\Debug\libGPSlib.a(GPS.o)
                0x00007a22                reverse
 .text.intToStr
                0x00007a7a       0x80 D:\Documents\MCUXpressoIDE_11.0.0_2516\workspace2\GPSlib\Debug\libGPSlib.a(GPS.o)
                0x00007a7a                intToStr
 .text.__main   0x00007afa        0xc c:/nxp/mcuxpressoide_11.0.0_2516/ide/plugins/com.nxp.mcuxpresso.tools.win32_11.0.0.201905131304/tools/bin/../lib/gcc/arm-none-eabi/8.2.1/../../../../arm-none-eabi/lib/thumb/v6-m/nofp\libcr_semihost_nf.a(_cr__main.o)
                0x00007afa                __CR_SEMIHOST
                0x00007afa                __main
 .text.memset   0x00007b06        0x8 c:/nxp/mcuxpressoide_11.0.0_2516/ide/plugins/com.nxp.mcuxpresso.tools.win32_11.0.0.201905131304/tools/bin/../lib/gcc/arm-none-eabi/8.2.1/../../../../arm-none-eabi/lib/thumb/v6-m/nofp\libcr_c.a(memset.o)
                0x00007b06                memset
 .text.free     0x00007b0e       0x2c c:/nxp/mcuxpressoide_11.0.0_2516/ide/plugins/com.nxp.mcuxpresso.tools.win32_11.0.0.201905131304/tools/bin/../lib/gcc/arm-none-eabi/8.2.1/../../../../arm-none-eabi/lib/thumb/v6-m/nofp\libcr_c.a(alloc.o)
                0x00007b0e                free
 .text.fabs     0x00007b3a       0x22 c:/nxp/mcuxpressoide_11.0.0_2516/ide/plugins/com.nxp.mcuxpresso.tools.win32_11.0.0.201905131304/tools/bin/../lib/gcc/arm-none-eabi/8.2.1/../../../../arm-none-eabi/lib/thumb/v6-m/nofp\libcr_c.a(fabs.o)
                0x00007b3a                fabs
 .text.fp_round
                0x00007b5c       0x4a c:/nxp/mcuxpressoide_11.0.0_2516/ide/plugins/com.nxp.mcuxpresso.tools.win32_11.0.0.201905131304/tools/bin/../lib/gcc/arm-none-eabi/8.2.1/../../../../arm-none-eabi/lib/thumb/v6-m/nofp\libcr_c.a(fpprintf.o)
 .text.pr_dec.constprop.1
                0x00007ba6       0x30 c:/nxp/mcuxpressoide_11.0.0_2516/ide/plugins/com.nxp.mcuxpresso.tools.win32_11.0.0.201905131304/tools/bin/../lib/gcc/arm-none-eabi/8.2.1/../../../../arm-none-eabi/lib/thumb/v6-m/nofp\libcr_c.a(fpprintf.o)
 .text.fputs    0x00007bd6       0x2e c:/nxp/mcuxpressoide_11.0.0_2516/ide/plugins/com.nxp.mcuxpresso.tools.win32_11.0.0.201905131304/tools/bin/../lib/gcc/arm-none-eabi/8.2.1/../../../../arm-none-eabi/lib/thumb/v6-m/nofp\libcr_c.a(fputs.o)
                0x00007bd6                fputs
 .text.no_fp_display
                0x00007c04        0x4 c:/nxp/mcuxpressoide_11.0.0_2516/ide/plugins/com.nxp.mcuxpresso.tools.win32_11.0.0.201905131304/tools/bin/../lib/gcc/arm-none-eabi/8.2.1/../../../../arm-none-eabi/lib/thumb/v6-m/nofp\libcr_c.a(printf.o)
 .text.sscanf   0x00007c08       0x3c c:/nxp/mcuxpressoide_11.0.0_2516/ide/plugins/com.nxp.mcuxpresso.tools.win32_11.0.0.201905131304/tools/bin/../lib/gcc/arm-none-eabi/8.2.1/../../../../arm-none-eabi/lib/thumb/v6-m/nofp\libcr_c.a(scanf.o)
                0x00007c08                sscanf
 .text._Csys_read_
                0x00007c44       0x24 c:/nxp/mcuxpressoide_11.0.0_2516/ide/plugins/com.nxp.mcuxpresso.tools.win32_11.0.0.201905131304/tools/bin/../lib/gcc/arm-none-eabi/8.2.1/../../../../arm-none-eabi/lib/thumb/v6-m/nofp\libcr_c.a(__fillbuf.o)
                0x00007c44                _Csys_read_
 .text.remove   0x00007c68       0x12 c:/nxp/mcuxpressoide_11.0.0_2516/ide/plugins/com.nxp.mcuxpresso.tools.win32_11.0.0.201905131304/tools/bin/../lib/gcc/arm-none-eabi/8.2.1/../../../../arm-none-eabi/lib/thumb/v6-m/nofp\libcr_c.a(remove.o)
                0x00007c68                remove
 .text.strcspn  0x00007c7a       0x22 c:/nxp/mcuxpressoide_11.0.0_2516/ide/plugins/com.nxp.mcuxpresso.tools.win32_11.0.0.201905131304/tools/bin/../lib/gcc/arm-none-eabi/8.2.1/../../../../arm-none-eabi/lib/thumb/v6-m/nofp\libcr_c.a(strcspn.o)
                0x00007c7a                strcspn
 .text.strspn   0x00007c9c       0x22 c:/nxp/mcuxpressoide_11.0.0_2516/ide/plugins/com.nxp.mcuxpresso.tools.win32_11.0.0.201905131304/tools/bin/../lib/gcc/arm-none-eabi/8.2.1/../../../../arm-none-eabi/lib/thumb/v6-m/nofp\libcr_c.a(strspn.o)
                0x00007c9c                strspn
 .text.__aeabi_division_idivmod
                0x00007cbe       0x78 c:/nxp/mcuxpressoide_11.0.0_2516/ide/plugins/com.nxp.mcuxpresso.tools.win32_11.0.0.201905131304/tools/bin/../lib/gcc/arm-none-eabi/8.2.1/thumb/v6-m/nofp\libcr_eabihelpers.a(division_32.o)
                0x00007cbe                __aeabi_idivmod
                0x00007cbe                __aeabi_idiv
                0x00007cc4                __aeabi_uidivmod
                0x00007cc4                __aeabi_uidiv
 .text.__aeabi_division_idiv0
                0x00007d36        0x2 c:/nxp/mcuxpressoide_11.0.0_2516/ide/plugins/com.nxp.mcuxpresso.tools.win32_11.0.0.201905131304/tools/bin/../lib/gcc/arm-none-eabi/8.2.1/thumb/v6-m/nofp\libcr_eabihelpers.a(division_idiv0.o)
                0x00007d36                __aeabi_idiv0
 .text.__bhs_ui2d
                0x00007d38       0x5e c:/nxp/mcuxpressoide_11.0.0_2516/ide/plugins/com.nxp.mcuxpresso.tools.win32_11.0.0.201905131304/tools/bin/../lib/gcc/arm-none-eabi/8.2.1/thumb/v6-m/nofp\libcr_eabihelpers.a(double.o)
                0x00007d38                __bhs_ui2d
 .text.__aeabi_i2d
                0x00007d96       0x18 c:/nxp/mcuxpressoide_11.0.0_2516/ide/plugins/com.nxp.mcuxpresso.tools.win32_11.0.0.201905131304/tools/bin/../lib/gcc/arm-none-eabi/8.2.1/thumb/v6-m/nofp\libcr_eabihelpers.a(double.o)
                0x00007d96                __aeabi_i2d
 .text.__bhs_ui2f
                0x00007dae       0x62 c:/nxp/mcuxpressoide_11.0.0_2516/ide/plugins/com.nxp.mcuxpresso.tools.win32_11.0.0.201905131304/tools/bin/../lib/gcc/arm-none-eabi/8.2.1/thumb/v6-m/nofp\libcr_eabihelpers.a(float.o)
                0x00007dae                __bhs_ui2f
 .text.__aeabi_i2f
                0x00007e10       0x18 c:/nxp/mcuxpressoide_11.0.0_2516/ide/plugins/com.nxp.mcuxpresso.tools.win32_11.0.0.201905131304/tools/bin/../lib/gcc/arm-none-eabi/8.2.1/thumb/v6-m/nofp\libcr_eabihelpers.a(float.o)
                0x00007e10                __aeabi_i2f
 .text.__aeabi_fcmplt
                0x00007e28       0x44 c:/nxp/mcuxpressoide_11.0.0_2516/ide/plugins/com.nxp.mcuxpresso.tools.win32_11.0.0.201905131304/tools/bin/../lib/gcc/arm-none-eabi/8.2.1/thumb/v6-m/nofp\libcr_eabihelpers.a(float.o)
                0x00007e28                __aeabi_fcmplt
 .text.__aeabi_llong_lmul
                0x00007e6c       0x2e c:/nxp/mcuxpressoide_11.0.0_2516/ide/plugins/com.nxp.mcuxpresso.tools.win32_11.0.0.201905131304/tools/bin/../lib/gcc/arm-none-eabi/8.2.1/thumb/v6-m/nofp\libcr_eabihelpers.a(llong.o)
                0x00007e6c                __aeabi_lmul
 .text.__aeabi_memset_lowlevel
                0x00007e9a       0x2a c:/nxp/mcuxpressoide_11.0.0_2516/ide/plugins/com.nxp.mcuxpresso.tools.win32_11.0.0.201905131304/tools/bin/../lib/gcc/arm-none-eabi/8.2.1/thumb/v6-m/nofp\libcr_eabihelpers.a(memcpy.o)
                0x00007e9a                __aeabi_lowlevel_memset
 .text.__sys_close
                0x00007ec4        0xc c:/nxp/mcuxpressoide_11.0.0_2516/ide/plugins/com.nxp.mcuxpresso.tools.win32_11.0.0.201905131304/tools/bin/../lib/gcc/arm-none-eabi/8.2.1/../../../../arm-none-eabi/lib/thumb/v6-m/nofp\libcr_semihost_nf.a(__sys_close.o)
                0x00007ec4                __sys_close
 .text.__sys_flen
                0x00007ed0        0xc c:/nxp/mcuxpressoide_11.0.0_2516/ide/plugins/com.nxp.mcuxpresso.tools.win32_11.0.0.201905131304/tools/bin/../lib/gcc/arm-none-eabi/8.2.1/../../../../arm-none-eabi/lib/thumb/v6-m/nofp\libcr_semihost_nf.a(__sys_flen.o)
                0x00007ed0                __sys_flen
 .text.__sys_istty
                0x00007edc        0xc c:/nxp/mcuxpressoide_11.0.0_2516/ide/plugins/com.nxp.mcuxpresso.tools.win32_11.0.0.201905131304/tools/bin/../lib/gcc/arm-none-eabi/8.2.1/../../../../arm-none-eabi/lib/thumb/v6-m/nofp\libcr_semihost_nf.a(__sys_istty.o)
                0x00007edc                __sys_istty
 .text.__sys_read
                0x00007ee8        0xc c:/nxp/mcuxpressoide_11.0.0_2516/ide/plugins/com.nxp.mcuxpresso.tools.win32_11.0.0.201905131304/tools/bin/../lib/gcc/arm-none-eabi/8.2.1/../../../../arm-none-eabi/lib/thumb/v6-m/nofp\libcr_semihost_nf.a(__sys_read.o)
                0x00007ee8                __sys_read
 .text.__sys_readc
                0x00007ef4        0x8 c:/nxp/mcuxpressoide_11.0.0_2516/ide/plugins/com.nxp.mcuxpresso.tools.win32_11.0.0.201905131304/tools/bin/../lib/gcc/arm-none-eabi/8.2.1/../../../../arm-none-eabi/lib/thumb/v6-m/nofp\libcr_semihost_nf.a(__sys_readc.o)
                0x00007ef4                __sys_readc
                0x00007ef4                __readc
 .text.__sys_remove
                0x00007efc        0xc c:/nxp/mcuxpressoide_11.0.0_2516/ide/plugins/com.nxp.mcuxpresso.tools.win32_11.0.0.201905131304/tools/bin/../lib/gcc/arm-none-eabi/8.2.1/../../../../arm-none-eabi/lib/thumb/v6-m/nofp\libcr_semihost_nf.a(__sys_remove.o)
                0x00007efc                __sys_remove
 .text.__sys_seek
                0x00007f08        0xc c:/nxp/mcuxpressoide_11.0.0_2516/ide/plugins/com.nxp.mcuxpresso.tools.win32_11.0.0.201905131304/tools/bin/../lib/gcc/arm-none-eabi/8.2.1/../../../../arm-none-eabi/lib/thumb/v6-m/nofp\libcr_semihost_nf.a(__sys_seek.o)
                0x00007f08                __sys_seek
 .text.__sys_tmpnam
                0x00007f14        0xc c:/nxp/mcuxpressoide_11.0.0_2516/ide/plugins/com.nxp.mcuxpresso.tools.win32_11.0.0.201905131304/tools/bin/../lib/gcc/arm-none-eabi/8.2.1/../../../../arm-none-eabi/lib/thumb/v6-m/nofp\libcr_semihost_nf.a(__sys_tmpnam.o)
                0x00007f14                __sys_tmpnam
 .text.__sys_write
                0x00007f20        0xc c:/nxp/mcuxpressoide_11.0.0_2516/ide/plugins/com.nxp.mcuxpresso.tools.win32_11.0.0.201905131304/tools/bin/../lib/gcc/arm-none-eabi/8.2.1/../../../../arm-none-eabi/lib/thumb/v6-m/nofp\libcr_semihost_nf.a(__sys_write.o)
                0x00007f20                __sys_write
 *(SORT_BY_ALIGNMENT(.rodata) SORT_BY_ALIGNMENT(.rodata.*) SORT_BY_ALIGNMENT(.constdata) SORT_BY_ALIGNMENT(.constdata.*))
 *fill*         0x00007f2c        0x4 ff
 .rodata.a1.3979
                0x00007f30       0x88 c:/nxp/mcuxpressoide_11.0.0_2516/ide/plugins/com.nxp.mcuxpresso.tools.win32_11.0.0.201905131304/tools/bin/../lib/gcc/arm-none-eabi/8.2.1/../../../../arm-none-eabi/lib/thumb/v6-m/nofp\libcr_c.a(pow.o)
 .rodata.a2.3980
                0x00007fb8       0x40 c:/nxp/mcuxpressoide_11.0.0_2516/ide/plugins/com.nxp.mcuxpresso.tools.win32_11.0.0.201905131304/tools/bin/../lib/gcc/arm-none-eabi/8.2.1/../../../../arm-none-eabi/lib/thumb/v6-m/nofp\libcr_c.a(pow.o)
 .rodata.a.3969
                0x00007ff8       0x20 c:/nxp/mcuxpressoide_11.0.0_2516/ide/plugins/com.nxp.mcuxpresso.tools.win32_11.0.0.201905131304/tools/bin/../lib/gcc/arm-none-eabi/8.2.1/../../../../arm-none-eabi/lib/thumb/v6-m/nofp\libcr_c.a(atan.o)
 .rodata        0x00008018       0x50 ./utilities/fsl_debug_console.o
 .rodata        0x00008068       0x27 ./utilities/fsl_io.o
 *fill*         0x0000808f        0x1 ff
 .rodata        0x00008090       0x65 ./source/MKL46Z256xxx4_Project1.o
 *fill*         0x000080f5        0x3 ff
 .rodata        0x000080f8      0x11d ./drivers/fsl_clock.o
 *fill*         0x00008215        0x3 ff
 .rodata.fllFactorTable.5423
                0x00008218       0x10 ./drivers/fsl_clock.o
 .rodata        0x00008228      0x48c ./drivers/fsl_lpsci.o
 .rodata.s_uartBases
                0x000086b4        0xc ./drivers/fsl_uart.o
 .rodata.s_uartClock
                0x000086c0        0xc ./drivers/fsl_uart.o
 .rodata        0x000086cc      0x45b ./drivers/fsl_uart.o
 *fill*         0x00008b27        0x1 ff
 .rodata.mcgConfig_BOARD_BootClockRUN
                0x00008b28        0xa ./board/clock_config.o
                0x00008b28                mcgConfig_BOARD_BootClockRUN
 *fill*         0x00008b32        0x2 ff
 .rodata.simConfig_BOARD_BootClockRUN
                0x00008b34        0x8 ./board/clock_config.o
                0x00008b34                simConfig_BOARD_BootClockRUN
 .rodata.oscConfig_BOARD_BootClockRUN
                0x00008b3c        0x8 ./board/clock_config.o
                0x00008b3c                oscConfig_BOARD_BootClockRUN
 .rodata        0x00008b44       0x26 ./board/pin_mux.o
 *fill*         0x00008b6a        0x2 ff
 .rodata        0x00008b6c        0x5 D:\Documents\MCUXpressoIDE_11.0.0_2516\workspace2\LCDLibrary\Debug\libLCDLibrary.a(lcd.o)
 *fill*         0x00008b71        0x3 ff
 .rodata        0x00008b74       0x8b D:\Documents\MCUXpressoIDE_11.0.0_2516\workspace2\IMULibrary\Debug\libIMULibrary.a(I2CUtils.o)
 *fill*         0x00008bff        0x1 ff
 .rodata        0x00008c00       0x73 D:\Documents\MCUXpressoIDE_11.0.0_2516\workspace2\GPSlib\Debug\libGPSlib.a(GPS.o)
 *fill*         0x00008c73        0x1 ff
 .rodata.__num_Ciob_streams
                0x00008c74        0x4 c:/nxp/mcuxpressoide_11.0.0_2516/ide/plugins/com.nxp.mcuxpresso.tools.win32_11.0.0.201905131304/tools/bin/../lib/gcc/arm-none-eabi/8.2.1/../../../../arm-none-eabi/lib/thumb/v6-m/nofp\libcr_semihost_nf.a(__ciob.o)
                0x00008c74                __num_Ciob_streams
 .rodata.__assertion_failed.str1.1
                0x00008c78       0x15 c:/nxp/mcuxpressoide_11.0.0_2516/ide/plugins/com.nxp.mcuxpresso.tools.win32_11.0.0.201905131304/tools/bin/../lib/gcc/arm-none-eabi/8.2.1/../../../../arm-none-eabi/lib/thumb/v6-m/nofp\libcr_semihost_nf.a(_cr_assert.o)
 .rodata._Csys_alloc.str1.1
                0x00008c8d       0x18 c:/nxp/mcuxpressoide_11.0.0_2516/ide/plugins/com.nxp.mcuxpresso.tools.win32_11.0.0.201905131304/tools/bin/../lib/gcc/arm-none-eabi/8.2.1/../../../../arm-none-eabi/lib/thumb/v6-m/nofp\libcr_c.a(alloc.o)
 .rodata.fp_display.str1.1
                0x00008ca5       0x32 c:/nxp/mcuxpressoide_11.0.0_2516/ide/plugins/com.nxp.mcuxpresso.tools.win32_11.0.0.201905131304/tools/bin/../lib/gcc/arm-none-eabi/8.2.1/../../../../arm-none-eabi/lib/thumb/v6-m/nofp\libcr_c.a(fpprintf.o)
                                 0x35 (size before relaxing)
 .rodata._initio.str1.1
                0x00008cd7        0x4 c:/nxp/mcuxpressoide_11.0.0_2516/ide/plugins/com.nxp.mcuxpresso.tools.win32_11.0.0.201905131304/tools/bin/../lib/gcc/arm-none-eabi/8.2.1/../../../../arm-none-eabi/lib/thumb/v6-m/nofp\libcr_c.a(initio.o)
 .rodata.__vfprintf.str1.1
                0x00008cdb       0x31 c:/nxp/mcuxpressoide_11.0.0_2516/ide/plugins/com.nxp.mcuxpresso.tools.win32_11.0.0.201905131304/tools/bin/../lib/gcc/arm-none-eabi/8.2.1/../../../../arm-none-eabi/lib/thumb/v6-m/nofp\libcr_c.a(printf.o)
                                 0x38 (size before relaxing)
 .rodata.strtod.str1.1
                0x00008d0c        0x6 c:/nxp/mcuxpressoide_11.0.0_2516/ide/plugins/com.nxp.mcuxpresso.tools.win32_11.0.0.201905131304/tools/bin/../lib/gcc/arm-none-eabi/8.2.1/../../../../arm-none-eabi/lib/thumb/v6-m/nofp\libcr_c.a(scanf.o)
 .rodata.str1.1
                0x00008d12        0x1 c:/nxp/mcuxpressoide_11.0.0_2516/ide/plugins/com.nxp.mcuxpresso.tools.win32_11.0.0.201905131304/tools/bin/../lib/gcc/arm-none-eabi/8.2.1/../../../../arm-none-eabi/lib/thumb/v6-m/nofp\libcr_c.a(strtok.o)
 .rodata.__ctype
                0x00008d12      0x180 c:/nxp/mcuxpressoide_11.0.0_2516/ide/plugins/com.nxp.mcuxpresso.tools.win32_11.0.0.201905131304/tools/bin/../lib/gcc/arm-none-eabi/8.2.1/../../../../arm-none-eabi/lib/thumb/v6-m/nofp\libcr_c.a(ctype.o)
                0x00008d12                __ctype
                0x00008e94                . = ALIGN (0x4)
 *fill*         0x00008e92        0x2 ff

.glue_7         0x00008e94        0x0
 .glue_7        0x00008e94        0x0 linker stubs

.glue_7t        0x00008e94        0x0
 .glue_7t       0x00008e94        0x0 linker stubs

.vfp11_veneer   0x00008e94        0x0
 .vfp11_veneer  0x00008e94        0x0 linker stubs

.v4_bx          0x00008e94        0x0
 .v4_bx         0x00008e94        0x0 linker stubs

.iplt           0x00008e94        0x0
 .iplt          0x00008e94        0x0 ./utilities/fsl_debug_console.o

.rel.dyn        0x00008e94        0x0
 .rel.iplt      0x00008e94        0x0 ./utilities/fsl_debug_console.o

.ARM.extab
 *(SORT_BY_ALIGNMENT(.ARM.extab*) SORT_BY_ALIGNMENT(.gnu.linkonce.armextab.*))
                0x00008e94                __exidx_start = .

.ARM.exidx
 *(SORT_BY_ALIGNMENT(.ARM.exidx*) SORT_BY_ALIGNMENT(.gnu.linkonce.armexidx.*))
                0x00008e94                __exidx_end = .
                0x00008e94                _etext = .

.m_usb_data
 *(SORT_BY_ALIGNMENT(m_usb_bdt))

.mtb_buffer_default
                0x1fffe000       0x80
 *(SORT_BY_ALIGNMENT(.mtb*))
 .mtb.$RAM1     0x1fffe000       0x80 ./source/mtb.o
                0x1fffe000                __mtb_buffer__

.uninit_RESERVED
                0x1fffe080        0x0
                0x1fffe080                . = ALIGN (0x4)
 *(SORT_BY_ALIGNMENT(.bss.$RESERVED*))
                0x1fffe080                . = ALIGN (0x4)
                0x1fffe080                _end_uninit_RESERVED = .

.data           0x1fffe080       0x14 load address 0x00008e94
 FILL mask 0xff
                0x1fffe080                _data = .
 *(SORT_BY_ALIGNMENT(vtable))
 *(SORT_BY_ALIGNMENT(.ramfunc*))
 *(SORT_BY_ALIGNMENT(.data*))
 .data.s_slowIrcFreq
                0x1fffe080        0x4 ./drivers/fsl_clock.o
 .data.SystemCoreClock
                0x1fffe084        0x4 ./CMSIS/system_MKL46Z4.o
                0x1fffe084                SystemCoreClock
 .data.neginf.4414
                0x1fffe088        0x4 c:/nxp/mcuxpressoide_11.0.0_2516/ide/plugins/com.nxp.mcuxpresso.tools.win32_11.0.0.201905131304/tools/bin/../lib/gcc/arm-none-eabi/8.2.1/../../../../arm-none-eabi/lib/thumb/v6-m/nofp\libcr_c.a(scanf.o)
 .data.posinf.4413
                0x1fffe08c        0x4 c:/nxp/mcuxpressoide_11.0.0_2516/ide/plugins/com.nxp.mcuxpresso.tools.win32_11.0.0.201905131304/tools/bin/../lib/gcc/arm-none-eabi/8.2.1/../../../../arm-none-eabi/lib/thumb/v6-m/nofp\libcr_c.a(scanf.o)
 .data.saves1.3899
                0x1fffe090        0x4 c:/nxp/mcuxpressoide_11.0.0_2516/ide/plugins/com.nxp.mcuxpresso.tools.win32_11.0.0.201905131304/tools/bin/../lib/gcc/arm-none-eabi/8.2.1/../../../../arm-none-eabi/lib/thumb/v6-m/nofp\libcr_c.a(strtok.o)
                0x1fffe094                . = ALIGN (0x4)
                0x1fffe094                _edata = .

.igot.plt       0x1fffe094        0x0 load address 0x00008ea8
 .igot.plt      0x1fffe094        0x0 ./utilities/fsl_debug_console.o

.bss            0x1fffe094      0x118 load address 0x00008ea8
                0x1fffe094                . = ALIGN (0x4)
                0x1fffe094                _bss = .
 *(SORT_BY_ALIGNMENT(.bss*))
 .bss.s_debugConsoleIO
                0x1fffe094        0x8 ./utilities/fsl_io.o
 .bss.g_xtal0Freq
                0x1fffe09c        0x4 ./drivers/fsl_clock.o
                0x1fffe09c                g_xtal0Freq
 .bss.s_i2cHandle
                0x1fffe0a0        0x8 ./drivers/fsl_i2c.o
 .bss.s_i2cMasterIsr
                0x1fffe0a8        0x4 ./drivers/fsl_i2c.o
 .bss.s_i2cSlaveIsr
                0x1fffe0ac        0x4 ./drivers/fsl_i2c.o
 .bss.s_lpsciHandle
                0x1fffe0b0        0x4 ./drivers/fsl_lpsci.o
 .bss.s_lpsciIsr
                0x1fffe0b4        0x4 ./drivers/fsl_lpsci.o
 .bss.s_uartHandle
                0x1fffe0b8        0xc ./drivers/fsl_uart.o
 .bss.s_uartIsr
                0x1fffe0c4        0x4 ./drivers/fsl_uart.o
 .bss.g_systickCounter
                0x1fffe0c8        0x4 D:\Documents\MCUXpressoIDE_11.0.0_2516\workspace2\IMULibrary\Debug\libIMULibrary.a(IMUInterface.o)
                0x1fffe0c8                g_systickCounter
 .bss.size      0x1fffe0cc        0x4 D:\Documents\MCUXpressoIDE_11.0.0_2516\workspace2\GPSlib\Debug\libGPSlib.a(GPS.o)
 .bss.index     0x1fffe0d0        0x4 D:\Documents\MCUXpressoIDE_11.0.0_2516\workspace2\GPSlib\Debug\libGPSlib.a(GPS.o)
 .bss.fixGPS    0x1fffe0d4        0x4 D:\Documents\MCUXpressoIDE_11.0.0_2516\workspace2\GPSlib\Debug\libGPSlib.a(GPS.o)
 .bss.savePoint
                0x1fffe0d8        0x4 D:\Documents\MCUXpressoIDE_11.0.0_2516\workspace2\GPSlib\Debug\libGPSlib.a(GPS.o)
 .bss.initialLocation
                0x1fffe0dc        0x4 D:\Documents\MCUXpressoIDE_11.0.0_2516\workspace2\GPSlib\Debug\libGPSlib.a(GPS.o)
 .bss.destinationLocation
                0x1fffe0e0        0x4 D:\Documents\MCUXpressoIDE_11.0.0_2516\workspace2\GPSlib\Debug\libGPSlib.a(GPS.o)
 .bss.destination
                0x1fffe0e4        0x4 D:\Documents\MCUXpressoIDE_11.0.0_2516\workspace2\GPSlib\Debug\libGPSlib.a(GPS.o)
 .bss.current_read
                0x1fffe0e8        0x4 D:\Documents\MCUXpressoIDE_11.0.0_2516\workspace2\GPSlib\Debug\libGPSlib.a(GPS.o)
 .bss.__Ciob    0x1fffe0ec       0xb4 c:/nxp/mcuxpressoide_11.0.0_2516/ide/plugins/com.nxp.mcuxpresso.tools.win32_11.0.0.201905131304/tools/bin/../lib/gcc/arm-none-eabi/8.2.1/../../../../arm-none-eabi/lib/thumb/v6-m/nofp\libcr_semihost_nf.a(__ciob.o)
                0x1fffe0ec                __Ciob
 .bss.errno     0x1fffe1a0        0x4 c:/nxp/mcuxpressoide_11.0.0_2516/ide/plugins/com.nxp.mcuxpresso.tools.win32_11.0.0.201905131304/tools/bin/../lib/gcc/arm-none-eabi/8.2.1/../../../../arm-none-eabi/lib/thumb/v6-m/nofp\libcr_c.a(errno.o)
                0x1fffe1a0                errno
 .bss.__end_of_heap
                0x1fffe1a4        0x4 c:/nxp/mcuxpressoide_11.0.0_2516/ide/plugins/com.nxp.mcuxpresso.tools.win32_11.0.0.201905131304/tools/bin/../lib/gcc/arm-none-eabi/8.2.1/../../../../arm-none-eabi/lib/thumb/v6-m/nofp\libcr_c.a(__init_alloc.o)
                0x1fffe1a4                __end_of_heap
 .bss.__heaps   0x1fffe1a8        0x4 c:/nxp/mcuxpressoide_11.0.0_2516/ide/plugins/com.nxp.mcuxpresso.tools.win32_11.0.0.201905131304/tools/bin/../lib/gcc/arm-none-eabi/8.2.1/../../../../arm-none-eabi/lib/thumb/v6-m/nofp\libcr_c.a(__init_alloc.o)
                0x1fffe1a8                __heaps
 *(SORT_BY_ALIGNMENT(COMMON))
                0x1fffe1ac                . = ALIGN (0x4)
                0x1fffe1ac                _ebss = .
                [!provide]                PROVIDE (end = .)

.noinit         0x1fffe1ac        0x0 load address 0x00008ea8
                0x1fffe1ac                . = ALIGN (0x4)
                0x1fffe1ac                _noinit = .
 *(SORT_BY_ALIGNMENT(.noinit*))
                0x1fffe1ac                . = ALIGN (0x4)
                0x1fffe1ac                _end_noinit = .
                0x00000800                _HeapSize = 0x800

.heap           0x1fffe1ac      0x800 load address 0x00008ea8
                0x1fffe1ac                _pvHeapStart = .
                0x1fffe9ac                . = (. + _HeapSize)
 *fill*         0x1fffe1ac      0x800 
                0x1fffe9ac                . = ALIGN (0x4)
                0x1fffe9ac                _pvHeapLimit = .
                0x00000800                _StackSize = 0x800

.heap2stackfill
                0x1fffe9ac      0x800 load address 0x00008ea8
                0x1ffff1ac                . = (. + _StackSize)
 *fill*         0x1fffe9ac      0x800 

.stack          0x20005800        0x0
                0x20005800                _vStackBase = .
                0x20005800                . = ALIGN (0x4)
                0x20006000                _vStackTop = (. + _StackSize)
                0x00000000                _image_start = LOADADDR (.text)
                0x00008ea8                _image_end = (LOADADDR (.data) + SIZEOF (.data))
                0x00008ea8                _image_size = (_image_end - _image_start)
OUTPUT(MKL46Z256xxx4_Project2_circle.axf elf32-littlearm)

.debug_info     0x00000000     0xe4c1
 .debug_info    0x00000000      0x2d0 ./utilities/fsl_debug_console.o
 .debug_info    0x000002d0      0x922 ./utilities/fsl_io.o
 .debug_info    0x00000bf2      0x351 ./utilities/fsl_log.o
 .debug_info    0x00000f43      0x4df ./startup/startup_mkl46z4.o
 .debug_info    0x00001422      0xfd8 ./source/MKL46Z256xxx4_Project1.o
 .debug_info    0x000023fa       0x53 ./source/mtb.o
 .debug_info    0x0000244d       0x3c ./source/semihost_hardfault.o
 .debug_info    0x00002489     0x1ac8 ./drivers/fsl_clock.o
 .debug_info    0x00003f51     0x1afd ./drivers/fsl_i2c.o
 .debug_info    0x00005a4e     0x1508 ./drivers/fsl_lpsci.o
 .debug_info    0x00006f56     0x14a9 ./drivers/fsl_uart.o
 .debug_info    0x000083ff      0x80b ./board/board.o
 .debug_info    0x00008c0a      0xb6a ./board/clock_config.o
 .debug_info    0x00009774      0x58b ./board/peripherals.o
 .debug_info    0x00009cff      0xac2 ./board/pin_mux.o
 .debug_info    0x0000a7c1      0x446 ./CMSIS/system_MKL46Z4.o
 .debug_info    0x0000ac07      0x88f D:\Documents\MCUXpressoIDE_11.0.0_2516\workspace2\LCDLibrary\Debug\libLCDLibrary.a(lcd.o)
 .debug_info    0x0000b496      0xd82 D:\Documents\MCUXpressoIDE_11.0.0_2516\workspace2\IMULibrary\Debug\libIMULibrary.a(IMUInterface.o)
 .debug_info    0x0000c218      0xa51 D:\Documents\MCUXpressoIDE_11.0.0_2516\workspace2\IMULibrary\Debug\libIMULibrary.a(I2CUtils.o)
 .debug_info    0x0000cc69     0x1858 D:\Documents\MCUXpressoIDE_11.0.0_2516\workspace2\GPSlib\Debug\libGPSlib.a(GPS.o)

.debug_abbrev   0x00000000     0x29e8
 .debug_abbrev  0x00000000      0x112 ./utilities/fsl_debug_console.o
 .debug_abbrev  0x00000112      0x20f ./utilities/fsl_io.o
 .debug_abbrev  0x00000321      0x197 ./utilities/fsl_log.o
 .debug_abbrev  0x000004b8      0x18d ./startup/startup_mkl46z4.o
 .debug_abbrev  0x00000645      0x1ff ./source/MKL46Z256xxx4_Project1.o
 .debug_abbrev  0x00000844       0x46 ./source/mtb.o
 .debug_abbrev  0x0000088a       0x31 ./source/semihost_hardfault.o
 .debug_abbrev  0x000008bb      0x363 ./drivers/fsl_clock.o
 .debug_abbrev  0x00000c1e      0x38e ./drivers/fsl_i2c.o
 .debug_abbrev  0x00000fac      0x325 ./drivers/fsl_lpsci.o
 .debug_abbrev  0x000012d1      0x325 ./drivers/fsl_uart.o
 .debug_abbrev  0x000015f6      0x1a7 ./board/board.o
 .debug_abbrev  0x0000179d      0x23a ./board/clock_config.o
 .debug_abbrev  0x000019d7      0x194 ./board/peripherals.o
 .debug_abbrev  0x00001b6b      0x2cd ./board/pin_mux.o
 .debug_abbrev  0x00001e38      0x170 ./CMSIS/system_MKL46Z4.o
 .debug_abbrev  0x00001fa8      0x243 D:\Documents\MCUXpressoIDE_11.0.0_2516\workspace2\LCDLibrary\Debug\libLCDLibrary.a(lcd.o)
 .debug_abbrev  0x000021eb      0x2c6 D:\Documents\MCUXpressoIDE_11.0.0_2516\workspace2\IMULibrary\Debug\libIMULibrary.a(IMUInterface.o)
 .debug_abbrev  0x000024b1      0x1f3 D:\Documents\MCUXpressoIDE_11.0.0_2516\workspace2\IMULibrary\Debug\libIMULibrary.a(I2CUtils.o)
 .debug_abbrev  0x000026a4      0x344 D:\Documents\MCUXpressoIDE_11.0.0_2516\workspace2\GPSlib\Debug\libGPSlib.a(GPS.o)

.debug_aranges  0x00000000      0xc38
 .debug_aranges
                0x00000000       0x30 ./utilities/fsl_debug_console.o
 .debug_aranges
                0x00000030       0x58 ./utilities/fsl_io.o
 .debug_aranges
                0x00000088       0x58 ./utilities/fsl_log.o
 .debug_aranges
                0x000000e0      0x160 ./startup/startup_mkl46z4.o
 .debug_aranges
                0x00000240       0x30 ./source/MKL46Z256xxx4_Project1.o
 .debug_aranges
                0x00000270       0x18 ./source/mtb.o
 .debug_aranges
                0x00000288       0x20 ./source/semihost_hardfault.o
 .debug_aranges
                0x000002a8      0x1d8 ./drivers/fsl_clock.o
 .debug_aranges
                0x00000480      0x178 ./drivers/fsl_i2c.o
 .debug_aranges
                0x000005f8      0x118 ./drivers/fsl_lpsci.o
 .debug_aranges
                0x00000710      0x130 ./drivers/fsl_uart.o
 .debug_aranges
                0x00000840       0x28 ./board/board.o
 .debug_aranges
                0x00000868       0x60 ./board/clock_config.o
 .debug_aranges
                0x000008c8       0x98 ./board/peripherals.o
 .debug_aranges
                0x00000960       0x88 ./board/pin_mux.o
 .debug_aranges
                0x000009e8       0x30 ./CMSIS/system_MKL46Z4.o
 .debug_aranges
                0x00000a18       0x58 D:\Documents\MCUXpressoIDE_11.0.0_2516\workspace2\LCDLibrary\Debug\libLCDLibrary.a(lcd.o)
 .debug_aranges
                0x00000a70       0x68 D:\Documents\MCUXpressoIDE_11.0.0_2516\workspace2\IMULibrary\Debug\libIMULibrary.a(IMUInterface.o)
 .debug_aranges
                0x00000ad8       0x70 D:\Documents\MCUXpressoIDE_11.0.0_2516\workspace2\IMULibrary\Debug\libIMULibrary.a(I2CUtils.o)
 .debug_aranges
                0x00000b48       0xf0 D:\Documents\MCUXpressoIDE_11.0.0_2516\workspace2\GPSlib\Debug\libGPSlib.a(GPS.o)

.debug_ranges   0x00000000      0xaf0
 .debug_ranges  0x00000000       0x20 ./utilities/fsl_debug_console.o
 .debug_ranges  0x00000020       0x48 ./utilities/fsl_io.o
 .debug_ranges  0x00000068       0x48 ./utilities/fsl_log.o
 .debug_ranges  0x000000b0      0x150 ./startup/startup_mkl46z4.o
 .debug_ranges  0x00000200       0x20 ./source/MKL46Z256xxx4_Project1.o
 .debug_ranges  0x00000220       0x10 ./source/semihost_hardfault.o
 .debug_ranges  0x00000230      0x1c8 ./drivers/fsl_clock.o
 .debug_ranges  0x000003f8      0x168 ./drivers/fsl_i2c.o
 .debug_ranges  0x00000560      0x108 ./drivers/fsl_lpsci.o
 .debug_ranges  0x00000668      0x120 ./drivers/fsl_uart.o
 .debug_ranges  0x00000788       0x18 ./board/board.o
 .debug_ranges  0x000007a0       0x50 ./board/clock_config.o
 .debug_ranges  0x000007f0       0x88 ./board/peripherals.o
 .debug_ranges  0x00000878       0x78 ./board/pin_mux.o
 .debug_ranges  0x000008f0       0x20 ./CMSIS/system_MKL46Z4.o
 .debug_ranges  0x00000910       0x48 D:\Documents\MCUXpressoIDE_11.0.0_2516\workspace2\LCDLibrary\Debug\libLCDLibrary.a(lcd.o)
 .debug_ranges  0x00000958       0x58 D:\Documents\MCUXpressoIDE_11.0.0_2516\workspace2\IMULibrary\Debug\libIMULibrary.a(IMUInterface.o)
 .debug_ranges  0x000009b0       0x60 D:\Documents\MCUXpressoIDE_11.0.0_2516\workspace2\IMULibrary\Debug\libIMULibrary.a(I2CUtils.o)
 .debug_ranges  0x00000a10       0xe0 D:\Documents\MCUXpressoIDE_11.0.0_2516\workspace2\GPSlib\Debug\libGPSlib.a(GPS.o)

.debug_macro    0x00000000     0xe72f
 .debug_macro   0x00000000      0x139 ./utilities/fsl_debug_console.o
 .debug_macro   0x00000139      0xaa8 ./utilities/fsl_debug_console.o
 .debug_macro   0x00000be1       0x10 ./utilities/fsl_debug_console.o
 .debug_macro   0x00000bf1       0x16 ./utilities/fsl_debug_console.o
 .debug_macro   0x00000c07       0x10 ./utilities/fsl_debug_console.o
 .debug_macro   0x00000c17      0x12e ./utilities/fsl_debug_console.o
 .debug_macro   0x00000d45       0x28 ./utilities/fsl_debug_console.o
 .debug_macro   0x00000d6d       0x16 ./utilities/fsl_debug_console.o
 .debug_macro   0x00000d83       0x22 ./utilities/fsl_debug_console.o
 .debug_macro   0x00000da5      0x5b3 ./utilities/fsl_debug_console.o
 .debug_macro   0x00001358       0x10 ./utilities/fsl_debug_console.o
 .debug_macro   0x00001368       0x3f ./utilities/fsl_debug_console.o
 .debug_macro   0x000013a7       0x1c ./utilities/fsl_debug_console.o
 .debug_macro   0x000013c3       0x22 ./utilities/fsl_debug_console.o
 .debug_macro   0x000013e5       0xb5 ./utilities/fsl_debug_console.o
 .debug_macro   0x0000149a      0x37c ./utilities/fsl_debug_console.o
 .debug_macro   0x00001816       0x38 ./utilities/fsl_debug_console.o
 .debug_macro   0x0000184e     0x87f8 ./utilities/fsl_debug_console.o
 .debug_macro   0x0000a046     0x121a ./utilities/fsl_debug_console.o
 .debug_macro   0x0000b260       0x52 ./utilities/fsl_debug_console.o
 .debug_macro   0x0000b2b2      0x10a ./utilities/fsl_debug_console.o
 .debug_macro   0x0000b3bc       0x74 ./utilities/fsl_debug_console.o
 .debug_macro   0x0000b430       0xd2 ./utilities/fsl_debug_console.o
 .debug_macro   0x0000b502       0x1c ./utilities/fsl_debug_console.o
 .debug_macro   0x0000b51e       0x50 ./utilities/fsl_debug_console.o
 .debug_macro   0x0000b56e      0x123 ./utilities/fsl_io.o
 .debug_macro   0x0000b691       0x1c ./utilities/fsl_io.o
 .debug_macro   0x0000b6ad       0x22 ./utilities/fsl_io.o
 .debug_macro   0x0000b6cf       0x10 ./utilities/fsl_io.o
 .debug_macro   0x0000b6df       0x10 ./utilities/fsl_io.o
 .debug_macro   0x0000b6ef      0x147 ./utilities/fsl_log.o
 .debug_macro   0x0000b836       0x29 ./startup/startup_mkl46z4.o
 .debug_macro   0x0000b85f      0x193 ./source/MKL46Z256xxx4_Project1.o
 .debug_macro   0x0000b9f2       0xd8 ./source/MKL46Z256xxx4_Project1.o
 .debug_macro   0x0000baca       0x16 ./source/MKL46Z256xxx4_Project1.o
 .debug_macro   0x0000bae0       0x10 ./source/MKL46Z256xxx4_Project1.o
 .debug_macro   0x0000baf0      0x15b ./source/MKL46Z256xxx4_Project1.o
 .debug_macro   0x0000bc4b       0x16 ./source/MKL46Z256xxx4_Project1.o
 .debug_macro   0x0000bc61       0x1c ./source/MKL46Z256xxx4_Project1.o
 .debug_macro   0x0000bc7d       0x4c ./source/MKL46Z256xxx4_Project1.o
 .debug_macro   0x0000bcc9      0x1c9 ./source/MKL46Z256xxx4_Project1.o
 .debug_macro   0x0000be92       0x22 ./source/MKL46Z256xxx4_Project1.o
 .debug_macro   0x0000beb4       0x10 ./source/MKL46Z256xxx4_Project1.o
 .debug_macro   0x0000bec4       0xc4 ./source/MKL46Z256xxx4_Project1.o
 .debug_macro   0x0000bf88       0x2f ./source/mtb.o
 .debug_macro   0x0000bfb7       0x82 ./source/mtb.o
 .debug_macro   0x0000c039       0x10 ./source/mtb.o
 .debug_macro   0x0000c049       0x11 ./source/semihost_hardfault.o
 .debug_macro   0x0000c05a      0x1b8 ./drivers/fsl_clock.o
 .debug_macro   0x0000c212      0x107 ./drivers/fsl_i2c.o
 .debug_macro   0x0000c319       0x16 ./drivers/fsl_i2c.o
 .debug_macro   0x0000c32f      0x108 ./drivers/fsl_lpsci.o
 .debug_macro   0x0000c437      0x10e ./drivers/fsl_uart.o
 .debug_macro   0x0000c545      0x144 ./board/board.o
 .debug_macro   0x0000c689       0x1c ./board/board.o
 .debug_macro   0x0000c6a5      0x14b ./board/clock_config.o
 .debug_macro   0x0000c7f0      0x11c ./board/peripherals.o
 .debug_macro   0x0000c90c      0x10d ./board/pin_mux.o
 .debug_macro   0x0000ca19       0x97 ./CMSIS/system_MKL46Z4.o
 .debug_macro   0x0000cab0       0x8f D:\Documents\MCUXpressoIDE_11.0.0_2516\workspace2\LCDLibrary\Debug\libLCDLibrary.a(lcd.o)
 .debug_macro   0x0000cb3f      0xaa8 D:\Documents\MCUXpressoIDE_11.0.0_2516\workspace2\LCDLibrary\Debug\libLCDLibrary.a(lcd.o)
 .debug_macro   0x0000d5e7      0x171 D:\Documents\MCUXpressoIDE_11.0.0_2516\workspace2\IMULibrary\Debug\libIMULibrary.a(IMUInterface.o)
 .debug_macro   0x0000d758      0x168 D:\Documents\MCUXpressoIDE_11.0.0_2516\workspace2\IMULibrary\Debug\libIMULibrary.a(I2CUtils.o)
 .debug_macro   0x0000d8c0      0x18d D:\Documents\MCUXpressoIDE_11.0.0_2516\workspace2\GPSlib\Debug\libGPSlib.a(GPS.o)
 .debug_macro   0x0000da4d      0xaa8 D:\Documents\MCUXpressoIDE_11.0.0_2516\workspace2\GPSlib\Debug\libGPSlib.a(GPS.o)
 .debug_macro   0x0000e4f5       0x10 D:\Documents\MCUXpressoIDE_11.0.0_2516\workspace2\GPSlib\Debug\libGPSlib.a(GPS.o)
 .debug_macro   0x0000e505       0x58 D:\Documents\MCUXpressoIDE_11.0.0_2516\workspace2\GPSlib\Debug\libGPSlib.a(GPS.o)
 .debug_macro   0x0000e55d      0x1d2 D:\Documents\MCUXpressoIDE_11.0.0_2516\workspace2\GPSlib\Debug\libGPSlib.a(GPS.o)

.debug_line     0x00000000     0x8482
 .debug_line    0x00000000      0x327 ./utilities/fsl_debug_console.o
 .debug_line    0x00000327      0x4ac ./utilities/fsl_io.o
 .debug_line    0x000007d3      0x416 ./utilities/fsl_log.o
 .debug_line    0x00000be9      0x1e7 ./startup/startup_mkl46z4.o
 .debug_line    0x00000dd0      0x555 ./source/MKL46Z256xxx4_Project1.o
 .debug_line    0x00001325       0xd1 ./source/mtb.o
 .debug_line    0x000013f6       0x5a ./source/semihost_hardfault.o
 .debug_line    0x00001450     0x12b7 ./drivers/fsl_clock.o
 .debug_line    0x00002707     0x1372 ./drivers/fsl_i2c.o
 .debug_line    0x00003a79      0xd7e ./drivers/fsl_lpsci.o
 .debug_line    0x000047f7      0xd89 ./drivers/fsl_uart.o
 .debug_line    0x00005580      0x30e ./board/board.o
 .debug_line    0x0000588e      0x3ac ./board/clock_config.o
 .debug_line    0x00005c3a      0x408 ./board/peripherals.o
 .debug_line    0x00006042      0x53b ./board/pin_mux.o
 .debug_line    0x0000657d      0x35b ./CMSIS/system_MKL46Z4.o
 .debug_line    0x000068d8      0x55a D:\Documents\MCUXpressoIDE_11.0.0_2516\workspace2\LCDLibrary\Debug\libLCDLibrary.a(lcd.o)
 .debug_line    0x00006e32      0x571 D:\Documents\MCUXpressoIDE_11.0.0_2516\workspace2\IMULibrary\Debug\libIMULibrary.a(IMUInterface.o)
 .debug_line    0x000073a3      0x574 D:\Documents\MCUXpressoIDE_11.0.0_2516\workspace2\IMULibrary\Debug\libIMULibrary.a(I2CUtils.o)
 .debug_line    0x00007917      0xb6b D:\Documents\MCUXpressoIDE_11.0.0_2516\workspace2\GPSlib\Debug\libGPSlib.a(GPS.o)

.debug_str      0x00000000    0x520d6
 .debug_str     0x00000000    0x4a97c ./utilities/fsl_debug_console.o
                              0x4ab88 (size before relaxing)
 .debug_str     0x0004a97c      0xb95 ./utilities/fsl_io.o
                              0x4b2af (size before relaxing)
 .debug_str     0x0004b511      0x1d8 ./utilities/fsl_log.o
                              0x4a916 (size before relaxing)
 .debug_str     0x0004b6e9      0x3e4 ./startup/startup_mkl46z4.o
                               0x31be (size before relaxing)
 .debug_str     0x0004bacd     0x1d05 ./source/MKL46Z256xxx4_Project1.o
                              0x4cb0b (size before relaxing)
 .debug_str     0x0004d7d2      0x532 ./source/mtb.o
                               0x32d1 (size before relaxing)
 .debug_str     0x0004dd04       0x1f ./source/semihost_hardfault.o
                               0x2dbe (size before relaxing)
 .debug_str     0x0004dd23     0x156c ./drivers/fsl_clock.o
                              0x4c3e3 (size before relaxing)
 .debug_str     0x0004f28f      0xda7 ./drivers/fsl_i2c.o
                              0x4bba2 (size before relaxing)
 .debug_str     0x00050036      0x84e ./drivers/fsl_lpsci.o
                              0x4ba25 (size before relaxing)
 .debug_str     0x00050884      0x777 ./drivers/fsl_uart.o
                              0x4ba42 (size before relaxing)
 .debug_str     0x00050ffb       0x4c ./board/board.o
                              0x4b667 (size before relaxing)
 .debug_str     0x00051047      0x366 ./board/clock_config.o
                              0x4b2eb (size before relaxing)
 .debug_str     0x000513ad      0x15d ./board/peripherals.o
                              0x4af8c (size before relaxing)
 .debug_str     0x0005150a      0x532 ./board/pin_mux.o
                              0x4b3bf (size before relaxing)
 .debug_str     0x00051a3c       0x5e ./CMSIS/system_MKL46Z4.o
                              0x49851 (size before relaxing)
 .debug_str     0x00051a9a      0x10d D:\Documents\MCUXpressoIDE_11.0.0_2516\workspace2\LCDLibrary\Debug\libLCDLibrary.a(lcd.o)
                              0x42f5f (size before relaxing)
 .debug_str     0x00051ba7      0x15d D:\Documents\MCUXpressoIDE_11.0.0_2516\workspace2\IMULibrary\Debug\libIMULibrary.a(IMUInterface.o)
                              0x4c656 (size before relaxing)
 .debug_str     0x00051d04       0xc2 D:\Documents\MCUXpressoIDE_11.0.0_2516\workspace2\IMULibrary\Debug\libIMULibrary.a(I2CUtils.o)
                              0x4bf23 (size before relaxing)
 .debug_str     0x00051dc6      0x310 D:\Documents\MCUXpressoIDE_11.0.0_2516\workspace2\GPSlib\Debug\libGPSlib.a(GPS.o)
                              0x4d074 (size before relaxing)

.comment        0x00000000       0x75
 .comment       0x00000000       0x75 ./utilities/fsl_debug_console.o
                                 0x76 (size before relaxing)
 .comment       0x00000075       0x76 ./utilities/fsl_io.o
 .comment       0x00000075       0x76 ./utilities/fsl_log.o
 .comment       0x00000075       0x76 ./startup/startup_mkl46z4.o
 .comment       0x00000075       0x76 ./source/MKL46Z256xxx4_Project1.o
 .comment       0x00000075       0x76 ./source/mtb.o
 .comment       0x00000075       0x76 ./source/semihost_hardfault.o
 .comment       0x00000075       0x76 ./drivers/fsl_clock.o
 .comment       0x00000075       0x76 ./drivers/fsl_i2c.o
 .comment       0x00000075       0x76 ./drivers/fsl_lpsci.o
 .comment       0x00000075       0x76 ./drivers/fsl_uart.o
 .comment       0x00000075       0x76 ./board/board.o
 .comment       0x00000075       0x76 ./board/clock_config.o
 .comment       0x00000075       0x76 ./board/peripherals.o
 .comment       0x00000075       0x76 ./board/pin_mux.o
 .comment       0x00000075       0x76 ./CMSIS/system_MKL46Z4.o
 .comment       0x00000075       0x76 D:\Documents\MCUXpressoIDE_11.0.0_2516\workspace2\LCDLibrary\Debug\libLCDLibrary.a(lcd.o)
 .comment       0x00000075       0x76 D:\Documents\MCUXpressoIDE_11.0.0_2516\workspace2\IMULibrary\Debug\libIMULibrary.a(IMUInterface.o)
 .comment       0x00000075       0x76 D:\Documents\MCUXpressoIDE_11.0.0_2516\workspace2\IMULibrary\Debug\libIMULibrary.a(I2CUtils.o)
 .comment       0x00000075       0x76 D:\Documents\MCUXpressoIDE_11.0.0_2516\workspace2\GPSlib\Debug\libGPSlib.a(GPS.o)
 .comment       0x00000075       0x76 c:/nxp/mcuxpressoide_11.0.0_2516/ide/plugins/com.nxp.mcuxpresso.tools.win32_11.0.0.201905131304/tools/bin/../lib/gcc/arm-none-eabi/8.2.1/../../../../arm-none-eabi/lib/thumb/v6-m/nofp\libcr_semihost_nf.a(_cr__main.o)
 .comment       0x00000075       0x76 c:/nxp/mcuxpressoide_11.0.0_2516/ide/plugins/com.nxp.mcuxpresso.tools.win32_11.0.0.201905131304/tools/bin/../lib/gcc/arm-none-eabi/8.2.1/../../../../arm-none-eabi/lib/thumb/v6-m/nofp\libcr_semihost_nf.a(_cr_assert.o)
 .comment       0x00000075       0x76 c:/nxp/mcuxpressoide_11.0.0_2516/ide/plugins/com.nxp.mcuxpresso.tools.win32_11.0.0.201905131304/tools/bin/../lib/gcc/arm-none-eabi/8.2.1/../../../../arm-none-eabi/lib/thumb/v6-m/nofp\libcr_semihost_nf.a(__ciob.o)
 .comment       0x00000075       0x76 c:/nxp/mcuxpressoide_11.0.0_2516/ide/plugins/com.nxp.mcuxpresso.tools.win32_11.0.0.201905131304/tools/bin/../lib/gcc/arm-none-eabi/8.2.1/../../../../arm-none-eabi/lib/thumb/v6-m/nofp\libcr_c.a(memset.o)
 .comment       0x00000075       0x76 c:/nxp/mcuxpressoide_11.0.0_2516/ide/plugins/com.nxp.mcuxpresso.tools.win32_11.0.0.201905131304/tools/bin/../lib/gcc/arm-none-eabi/8.2.1/../../../../arm-none-eabi/lib/thumb/v6-m/nofp\libcr_c.a(_deferredlazyseek.o)
 .comment       0x00000075       0x76 c:/nxp/mcuxpressoide_11.0.0_2516/ide/plugins/com.nxp.mcuxpresso.tools.win32_11.0.0.201905131304/tools/bin/../lib/gcc/arm-none-eabi/8.2.1/../../../../arm-none-eabi/lib/thumb/v6-m/nofp\libcr_c.a(_fflush.o)
 .comment       0x00000075       0x76 c:/nxp/mcuxpressoide_11.0.0_2516/ide/plugins/com.nxp.mcuxpresso.tools.win32_11.0.0.201905131304/tools/bin/../lib/gcc/arm-none-eabi/8.2.1/../../../../arm-none-eabi/lib/thumb/v6-m/nofp\libcr_c.a(_writebuf.o)
 .comment       0x00000075       0x76 c:/nxp/mcuxpressoide_11.0.0_2516/ide/plugins/com.nxp.mcuxpresso.tools.win32_11.0.0.201905131304/tools/bin/../lib/gcc/arm-none-eabi/8.2.1/../../../../arm-none-eabi/lib/thumb/v6-m/nofp\libcr_c.a(alloc.o)
 .comment       0x00000075       0x76 c:/nxp/mcuxpressoide_11.0.0_2516/ide/plugins/com.nxp.mcuxpresso.tools.win32_11.0.0.201905131304/tools/bin/../lib/gcc/arm-none-eabi/8.2.1/../../../../arm-none-eabi/lib/thumb/v6-m/nofp\libcr_c.a(atan2.o)
 .comment       0x00000075       0x76 c:/nxp/mcuxpressoide_11.0.0_2516/ide/plugins/com.nxp.mcuxpresso.tools.win32_11.0.0.201905131304/tools/bin/../lib/gcc/arm-none-eabi/8.2.1/../../../../arm-none-eabi/lib/thumb/v6-m/nofp\libcr_c.a(errno.o)
 .comment       0x00000075       0x76 c:/nxp/mcuxpressoide_11.0.0_2516/ide/plugins/com.nxp.mcuxpresso.tools.win32_11.0.0.201905131304/tools/bin/../lib/gcc/arm-none-eabi/8.2.1/../../../../arm-none-eabi/lib/thumb/v6-m/nofp\libcr_c.a(fabs.o)
 .comment       0x00000075       0x76 c:/nxp/mcuxpressoide_11.0.0_2516/ide/plugins/com.nxp.mcuxpresso.tools.win32_11.0.0.201905131304/tools/bin/../lib/gcc/arm-none-eabi/8.2.1/../../../../arm-none-eabi/lib/thumb/v6-m/nofp\libcr_c.a(fpprintf.o)
 .comment       0x00000075       0x76 c:/nxp/mcuxpressoide_11.0.0_2516/ide/plugins/com.nxp.mcuxpresso.tools.win32_11.0.0.201905131304/tools/bin/../lib/gcc/arm-none-eabi/8.2.1/../../../../arm-none-eabi/lib/thumb/v6-m/nofp\libcr_c.a(fputs.o)
 .comment       0x00000075       0x76 c:/nxp/mcuxpressoide_11.0.0_2516/ide/plugins/com.nxp.mcuxpresso.tools.win32_11.0.0.201905131304/tools/bin/../lib/gcc/arm-none-eabi/8.2.1/../../../../arm-none-eabi/lib/thumb/v6-m/nofp\libcr_c.a(fseek.o)
 .comment       0x00000075       0x76 c:/nxp/mcuxpressoide_11.0.0_2516/ide/plugins/com.nxp.mcuxpresso.tools.win32_11.0.0.201905131304/tools/bin/../lib/gcc/arm-none-eabi/8.2.1/../../../../arm-none-eabi/lib/thumb/v6-m/nofp\libcr_c.a(ftell.o)
 .comment       0x00000075       0x76 c:/nxp/mcuxpressoide_11.0.0_2516/ide/plugins/com.nxp.mcuxpresso.tools.win32_11.0.0.201905131304/tools/bin/../lib/gcc/arm-none-eabi/8.2.1/../../../../arm-none-eabi/lib/thumb/v6-m/nofp\libcr_c.a(initio.o)
 .comment       0x00000075       0x76 c:/nxp/mcuxpressoide_11.0.0_2516/ide/plugins/com.nxp.mcuxpresso.tools.win32_11.0.0.201905131304/tools/bin/../lib/gcc/arm-none-eabi/8.2.1/../../../../arm-none-eabi/lib/thumb/v6-m/nofp\libcr_c.a(pow.o)
 .comment       0x00000075       0x76 c:/nxp/mcuxpressoide_11.0.0_2516/ide/plugins/com.nxp.mcuxpresso.tools.win32_11.0.0.201905131304/tools/bin/../lib/gcc/arm-none-eabi/8.2.1/../../../../arm-none-eabi/lib/thumb/v6-m/nofp\libcr_c.a(printf.o)
 .comment       0x00000075       0x76 c:/nxp/mcuxpressoide_11.0.0_2516/ide/plugins/com.nxp.mcuxpresso.tools.win32_11.0.0.201905131304/tools/bin/../lib/gcc/arm-none-eabi/8.2.1/../../../../arm-none-eabi/lib/thumb/v6-m/nofp\libcr_c.a(scanf.o)
 .comment       0x00000075       0x76 c:/nxp/mcuxpressoide_11.0.0_2516/ide/plugins/com.nxp.mcuxpresso.tools.win32_11.0.0.201905131304/tools/bin/../lib/gcc/arm-none-eabi/8.2.1/../../../../arm-none-eabi/lib/thumb/v6-m/nofp\libcr_c.a(setvbuf.o)
 .comment       0x00000075       0x76 c:/nxp/mcuxpressoide_11.0.0_2516/ide/plugins/com.nxp.mcuxpresso.tools.win32_11.0.0.201905131304/tools/bin/../lib/gcc/arm-none-eabi/8.2.1/../../../../arm-none-eabi/lib/thumb/v6-m/nofp\libcr_c.a(sqrt.o)
 .comment       0x00000075       0x76 c:/nxp/mcuxpressoide_11.0.0_2516/ide/plugins/com.nxp.mcuxpresso.tools.win32_11.0.0.201905131304/tools/bin/../lib/gcc/arm-none-eabi/8.2.1/../../../../arm-none-eabi/lib/thumb/v6-m/nofp\libcr_c.a(strlen.o)
 .comment       0x00000075       0x76 c:/nxp/mcuxpressoide_11.0.0_2516/ide/plugins/com.nxp.mcuxpresso.tools.win32_11.0.0.201905131304/tools/bin/../lib/gcc/arm-none-eabi/8.2.1/../../../../arm-none-eabi/lib/thumb/v6-m/nofp\libcr_c.a(strtok.o)
 .comment       0x00000075       0x76 c:/nxp/mcuxpressoide_11.0.0_2516/ide/plugins/com.nxp.mcuxpresso.tools.win32_11.0.0.201905131304/tools/bin/../lib/gcc/arm-none-eabi/8.2.1/../../../../arm-none-eabi/lib/thumb/v6-m/nofp\libcr_c.a(ungetc.o)
 .comment       0x00000075       0x76 c:/nxp/mcuxpressoide_11.0.0_2516/ide/plugins/com.nxp.mcuxpresso.tools.win32_11.0.0.201905131304/tools/bin/../lib/gcc/arm-none-eabi/8.2.1/../../../../arm-none-eabi/lib/thumb/v6-m/nofp\libcr_c.a(__fillbuf.o)
 .comment       0x00000075       0x76 c:/nxp/mcuxpressoide_11.0.0_2516/ide/plugins/com.nxp.mcuxpresso.tools.win32_11.0.0.201905131304/tools/bin/../lib/gcc/arm-none-eabi/8.2.1/../../../../arm-none-eabi/lib/thumb/v6-m/nofp\libcr_c.a(__init_alloc.o)
 .comment       0x00000075       0x76 c:/nxp/mcuxpressoide_11.0.0_2516/ide/plugins/com.nxp.mcuxpresso.tools.win32_11.0.0.201905131304/tools/bin/../lib/gcc/arm-none-eabi/8.2.1/../../../../arm-none-eabi/lib/thumb/v6-m/nofp\libcr_c.a(_cr_sbrk.o)
 .comment       0x00000075       0x76 c:/nxp/mcuxpressoide_11.0.0_2516/ide/plugins/com.nxp.mcuxpresso.tools.win32_11.0.0.201905131304/tools/bin/../lib/gcc/arm-none-eabi/8.2.1/../../../../arm-none-eabi/lib/thumb/v6-m/nofp\libcr_c.a(_fdopen.o)
 .comment       0x00000075       0x76 c:/nxp/mcuxpressoide_11.0.0_2516/ide/plugins/com.nxp.mcuxpresso.tools.win32_11.0.0.201905131304/tools/bin/../lib/gcc/arm-none-eabi/8.2.1/../../../../arm-none-eabi/lib/thumb/v6-m/nofp\libcr_c.a(_frexpl.o)
 .comment       0x00000075       0x76 c:/nxp/mcuxpressoide_11.0.0_2516/ide/plugins/com.nxp.mcuxpresso.tools.win32_11.0.0.201905131304/tools/bin/../lib/gcc/arm-none-eabi/8.2.1/../../../../arm-none-eabi/lib/thumb/v6-m/nofp\libcr_c.a(_ldexpl.o)
 .comment       0x00000075       0x76 c:/nxp/mcuxpressoide_11.0.0_2516/ide/plugins/com.nxp.mcuxpresso.tools.win32_11.0.0.201905131304/tools/bin/../lib/gcc/arm-none-eabi/8.2.1/../../../../arm-none-eabi/lib/thumb/v6-m/nofp\libcr_c.a(atan.o)
 .comment       0x00000075       0x76 c:/nxp/mcuxpressoide_11.0.0_2516/ide/plugins/com.nxp.mcuxpresso.tools.win32_11.0.0.201905131304/tools/bin/../lib/gcc/arm-none-eabi/8.2.1/../../../../arm-none-eabi/lib/thumb/v6-m/nofp\libcr_c.a(ctype.o)
 .comment       0x00000075       0x76 c:/nxp/mcuxpressoide_11.0.0_2516/ide/plugins/com.nxp.mcuxpresso.tools.win32_11.0.0.201905131304/tools/bin/../lib/gcc/arm-none-eabi/8.2.1/../../../../arm-none-eabi/lib/thumb/v6-m/nofp\libcr_c.a(fclose.o)
 .comment       0x00000075       0x76 c:/nxp/mcuxpressoide_11.0.0_2516/ide/plugins/com.nxp.mcuxpresso.tools.win32_11.0.0.201905131304/tools/bin/../lib/gcc/arm-none-eabi/8.2.1/../../../../arm-none-eabi/lib/thumb/v6-m/nofp\libcr_c.a(fflush.o)
 .comment       0x00000075       0x76 c:/nxp/mcuxpressoide_11.0.0_2516/ide/plugins/com.nxp.mcuxpresso.tools.win32_11.0.0.201905131304/tools/bin/../lib/gcc/arm-none-eabi/8.2.1/../../../../arm-none-eabi/lib/thumb/v6-m/nofp\libcr_c.a(frexp.o)
 .comment       0x00000075       0x76 c:/nxp/mcuxpressoide_11.0.0_2516/ide/plugins/com.nxp.mcuxpresso.tools.win32_11.0.0.201905131304/tools/bin/../lib/gcc/arm-none-eabi/8.2.1/../../../../arm-none-eabi/lib/thumb/v6-m/nofp\libcr_c.a(ldexp.o)
 .comment       0x00000075       0x76 c:/nxp/mcuxpressoide_11.0.0_2516/ide/plugins/com.nxp.mcuxpresso.tools.win32_11.0.0.201905131304/tools/bin/../lib/gcc/arm-none-eabi/8.2.1/../../../../arm-none-eabi/lib/thumb/v6-m/nofp\libcr_c.a(remove.o)
 .comment       0x00000075       0x76 c:/nxp/mcuxpressoide_11.0.0_2516/ide/plugins/com.nxp.mcuxpresso.tools.win32_11.0.0.201905131304/tools/bin/../lib/gcc/arm-none-eabi/8.2.1/../../../../arm-none-eabi/lib/thumb/v6-m/nofp\libcr_c.a(strcspn.o)
 .comment       0x00000075       0x76 c:/nxp/mcuxpressoide_11.0.0_2516/ide/plugins/com.nxp.mcuxpresso.tools.win32_11.0.0.201905131304/tools/bin/../lib/gcc/arm-none-eabi/8.2.1/../../../../arm-none-eabi/lib/thumb/v6-m/nofp\libcr_c.a(strspn.o)
 .comment       0x00000075       0x76 c:/nxp/mcuxpressoide_11.0.0_2516/ide/plugins/com.nxp.mcuxpresso.tools.win32_11.0.0.201905131304/tools/bin/../lib/gcc/arm-none-eabi/8.2.1/../../../../arm-none-eabi/lib/thumb/v6-m/nofp\libcr_c.a(_cr_check_heap.o)
 .comment       0x00000075       0x76 c:/nxp/mcuxpressoide_11.0.0_2516/ide/plugins/com.nxp.mcuxpresso.tools.win32_11.0.0.201905131304/tools/bin/../lib/gcc/arm-none-eabi/8.2.1/../../../../arm-none-eabi/lib/thumb/v6-m/nofp\libcr_c.a(_do_fflush.o)
 .comment       0x00000075       0x76 c:/nxp/mcuxpressoide_11.0.0_2516/ide/plugins/com.nxp.mcuxpresso.tools.win32_11.0.0.201905131304/tools/bin/../lib/gcc/arm-none-eabi/8.2.1/thumb/v6-m/nofp\libcr_eabihelpers.a(double.o)
 .comment       0x00000075       0x76 c:/nxp/mcuxpressoide_11.0.0_2516/ide/plugins/com.nxp.mcuxpresso.tools.win32_11.0.0.201905131304/tools/bin/../lib/gcc/arm-none-eabi/8.2.1/thumb/v6-m/nofp\libcr_eabihelpers.a(float.o)

.ARM.attributes
                0x00000000       0x2a
 .ARM.attributes
                0x00000000       0x2c ./utilities/fsl_debug_console.o
 .ARM.attributes
                0x0000002c       0x2c ./utilities/fsl_io.o
 .ARM.attributes
                0x00000058       0x2c ./utilities/fsl_log.o
 .ARM.attributes
                0x00000084       0x2c ./startup/startup_mkl46z4.o
 .ARM.attributes
                0x000000b0       0x2c ./source/MKL46Z256xxx4_Project1.o
 .ARM.attributes
                0x000000dc       0x32 ./source/mtb.o
 .ARM.attributes
                0x0000010e       0x2c ./source/semihost_hardfault.o
 .ARM.attributes
                0x0000013a       0x2c ./drivers/fsl_clock.o
 .ARM.attributes
                0x00000166       0x2c ./drivers/fsl_i2c.o
 .ARM.attributes
                0x00000192       0x2c ./drivers/fsl_lpsci.o
 .ARM.attributes
                0x000001be       0x2c ./drivers/fsl_uart.o
 .ARM.attributes
                0x000001ea       0x2c ./board/board.o
 .ARM.attributes
                0x00000216       0x2c ./board/clock_config.o
 .ARM.attributes
                0x00000242       0x2c ./board/peripherals.o
 .ARM.attributes
                0x0000026e       0x2c ./board/pin_mux.o
 .ARM.attributes
                0x0000029a       0x2c ./CMSIS/system_MKL46Z4.o
 .ARM.attributes
                0x000002c6       0x2c D:\Documents\MCUXpressoIDE_11.0.0_2516\workspace2\LCDLibrary\Debug\libLCDLibrary.a(lcd.o)
 .ARM.attributes
                0x000002f2       0x2c D:\Documents\MCUXpressoIDE_11.0.0_2516\workspace2\IMULibrary\Debug\libIMULibrary.a(IMUInterface.o)
 .ARM.attributes
                0x0000031e       0x2c D:\Documents\MCUXpressoIDE_11.0.0_2516\workspace2\IMULibrary\Debug\libIMULibrary.a(I2CUtils.o)
 .ARM.attributes
                0x0000034a       0x2c D:\Documents\MCUXpressoIDE_11.0.0_2516\workspace2\GPSlib\Debug\libGPSlib.a(GPS.o)
 .ARM.attributes
                0x00000376       0x2c c:/nxp/mcuxpressoide_11.0.0_2516/ide/plugins/com.nxp.mcuxpresso.tools.win32_11.0.0.201905131304/tools/bin/../lib/gcc/arm-none-eabi/8.2.1/../../../../arm-none-eabi/lib/thumb/v6-m/nofp\libcr_semihost_nf.a(_cr__main.o)
 .ARM.attributes
                0x000003a2       0x2c c:/nxp/mcuxpressoide_11.0.0_2516/ide/plugins/com.nxp.mcuxpresso.tools.win32_11.0.0.201905131304/tools/bin/../lib/gcc/arm-none-eabi/8.2.1/../../../../arm-none-eabi/lib/thumb/v6-m/nofp\libcr_semihost_nf.a(_cr_assert.o)
 .ARM.attributes